*----------------------------------------------------------------------------------------
*	Innovus 15.23-s045_1 (64bit) 04/22/2016 12:32 (Linux 2.6.18-194.el5)
*	
*
* 	Date & Time:	2025-Mar-22 14:14:11 (2025-Mar-22 21:14:11 GMT)
*
*----------------------------------------------------------------------------------------
*
*	Design: core
*
*	Liberty Libraries used: 
*	        WC_VIEW: /home/linux/ieng6/ee260bwi25/h3le/ECE-260B-WI25-Virtuosos/core/pnr/route.enc.dat/libs/mmmc/tcbn65gpluswc.lib
*
*	Power Domain used: 
*		Rail:        VDD 	Voltage:        0.9 
*
*       Power View : WC_VIEW
*
*       User-Defined Activity : N.A.
*
*       Activity File: N.A.
*
*       Hierarchical Global Activity: N.A.
*
*       Global Activity: N.A.
*
*       Sequential Element Activity: 0.200000
*
*       Primary Input Activity: 0.200000
*
*       Default icg ratio: N.A.
*
*       Global Comb ClockGate Ratio: N.A.
*
*	Power Units = 1mW
*
*	Time Units = 1e-09 secs 
*
*       report_power -outfile core.post_route.power.rpt
*
-----------------------------------------------------------------------------------------


Total Power 
-----------------------------------------------------------------------------------------
Total Internal Power:      115.30283143 	   72.3947%
Total Switching Power:      42.45479337 	   26.6559%
Total Leakage Power:         1.51214567 	    0.9494%
Total Power:               159.26977083 
-----------------------------------------------------------------------------------------


Group                           Internal   Switching     Leakage       Total  Percentage 
                                Power      Power         Power         Power  (%)        
-----------------------------------------------------------------------------------------
Sequential                         87.46       4.608      0.6496       92.71       58.21 
Macro                                  0           0           0           0           0 
IO                                     0           0           0           0           0 
Combinational                      21.25       20.91      0.8185       42.98       26.99 
Clock (Combinational)              6.597       16.93     0.04406       23.57        14.8 
Clock (Sequential)                     0           0           0           0           0 
-----------------------------------------------------------------------------------------
Total                              115.3       42.45       1.512       159.3         100 
-----------------------------------------------------------------------------------------


Rail                  Voltage   Internal   Switching     Leakage       Total  Percentage 
                                Power      Power         Power         Power  (%)        
-----------------------------------------------------------------------------------------
VDD                       0.9      115.3       42.45       1.512       159.3         100 


Clock                           Internal   Switching     Leakage       Total  Percentage 
                                Power      Power         Power         Power  (%)        
-----------------------------------------------------------------------------------------
clk                                6.597       16.93     0.04406       23.57        14.8 
-----------------------------------------------------------------------------------------
Total (excluding duplicates)       6.597       16.93     0.04406       23.57        14.8 
-----------------------------------------------------------------------------------------


-----------------------------------------------------------------------------------------
*	Power Distribution Summary: 
* 		Highest Average Power:  CTS_ccl_BUF_clk_G0_L5_79 (CKBD16): 	    0.1574 
* 		Highest Leakage Power: mac_array_instance/genblk1_3__mac_col_inst/mac_8in_instance/mult_x_4_U34 (CMPE42D2): 	 0.0002651 
* 		Total Cap: 	2.73068e-10 F
* 		Total instances in design: 44033
* 		Total instances in design with no power:     0
*          Total instances in design with no activity:     0
* 		Total Fillers and Decap:     0
-----------------------------------------------------------------------------------------

