###############################################################
#  Generated by:      Cadence Innovus 15.23-s045_1
#  OS:                Linux x86_64(Host ID ieng6-ece-09.ucsd.edu)
#  Generated on:      Sat Mar 22 23:45:28 2025
#  Design:            core
#  Command:           report_timing -max_paths 5 > ${design}.post_route.timing.rpt
###############################################################
Path 1: VIOLATED Late External Delay Assertion 
Endpoint:   out[96]                 (^) checked with  leading edge of 'clk'
Beginpoint: psum_mem_instance/Q[96] (^) triggered by  leading edge of 'clk'
Path Groups: {clk}
Analysis View: WC_VIEW
Other End Arrival Time          0.000
- External Delay                0.200
+ Phase Shift                   1.000
+ CPPR Adjustment               0.000
= Required Time                 0.800
- Arrival Time                  2.343
= Slack Time                   -1.543
     Clock Rise Edge                 0.000
     + Clock Network Latency (Prop)  1.610
     = Beginpoint Arrival Time       1.610
     +--------------------------------------------------------------------------------+ 
     |      Instance       |       Arc        |   Cell   | Delay | Arrival | Required | 
     |                     |                  |          |       |  Time   |   Time   | 
     |---------------------+------------------+----------+-------+---------+----------| 
     | psum_mem_instance   | CLK ^            |          |       |   1.610 |    0.066 | 
     | psum_mem_instance   | CLK ^ -> Q[96] ^ | sram_w16 | 0.517 |   2.126 |    0.583 | 
     | FE_OFC165_out_96_   | I ^ -> Z ^       | BUFFD16  | 0.109 |   2.235 |    0.692 | 
     | FE_OCPC8000_out_96_ | I ^ -> Z ^       | BUFFD16  | 0.104 |   2.339 |    0.796 | 
     |                     | out[96] ^        |          | 0.004 |   2.343 |    0.800 | 
     +--------------------------------------------------------------------------------+ 
Path 2: VIOLATED Late External Delay Assertion 
Endpoint:   out[14]                 (^) checked with  leading edge of 'clk'
Beginpoint: psum_mem_instance/Q[14] (^) triggered by  leading edge of 'clk'
Path Groups: {clk}
Analysis View: WC_VIEW
Other End Arrival Time          0.000
- External Delay                0.200
+ Phase Shift                   1.000
+ CPPR Adjustment               0.000
= Required Time                 0.800
- Arrival Time                  2.332
= Slack Time                   -1.532
     Clock Rise Edge                 0.000
     + Clock Network Latency (Prop)  1.610
     = Beginpoint Arrival Time       1.610
     +------------------------------------------------------------------------------------------+ 
     |           Instance            |       Arc        |   Cell   | Delay | Arrival | Required | 
     |                               |                  |          |       |  Time   |   Time   | 
     |-------------------------------+------------------+----------+-------+---------+----------| 
     | psum_mem_instance             | CLK ^            |          |       |   1.610 |    0.078 | 
     | psum_mem_instance             | CLK ^ -> Q[14] ^ | sram_w16 | 0.455 |   2.065 |    0.533 | 
     | FE_OCPC7573_FE_OFN328_out_14_ | I ^ -> Z ^       | BUFFD16  | 0.095 |   2.160 |    0.628 | 
     | FE_OCPC8044_out_14_           | I ^ -> Z ^       | BUFFD4   | 0.050 |   2.210 |    0.678 | 
     | FE_OCPC8351_out_14_           | I ^ -> Z ^       | BUFFD8   | 0.066 |   2.276 |    0.744 | 
     |                               | out[14] ^        |          | 0.056 |   2.332 |    0.800 | 
     +------------------------------------------------------------------------------------------+ 
Path 3: VIOLATED Late External Delay Assertion 
Endpoint:   out[101]                 (^) checked with  leading edge of 'clk'
Beginpoint: psum_mem_instance/Q[101] (^) triggered by  leading edge of 'clk'
Path Groups: {clk}
Analysis View: WC_VIEW
Other End Arrival Time          0.000
- External Delay                0.200
+ Phase Shift                   1.000
+ CPPR Adjustment               0.000
= Required Time                 0.800
- Arrival Time                  2.330
= Slack Time                   -1.530
     Clock Rise Edge                 0.000
     + Clock Network Latency (Prop)  1.610
     = Beginpoint Arrival Time       1.610
     +----------------------------------------------------------------------------------+ 
     |       Instance       |        Arc        |   Cell   | Delay | Arrival | Required | 
     |                      |                   |          |       |  Time   |   Time   | 
     |----------------------+-------------------+----------+-------+---------+----------| 
     | psum_mem_instance    | CLK ^             |          |       |   1.610 |    0.080 | 
     | psum_mem_instance    | CLK ^ -> Q[101] ^ | sram_w16 | 0.516 |   2.125 |    0.595 | 
     | FE_OFC155_out_101_   | I ^ -> Z ^        | BUFFD16  | 0.099 |   2.224 |    0.694 | 
     | FE_OCPC8003_out_101_ | I ^ -> Z ^        | BUFFD8   | 0.086 |   2.310 |    0.780 | 
     |                      | out[101] ^        |          | 0.020 |   2.330 |    0.800 | 
     +----------------------------------------------------------------------------------+ 
Path 4: VIOLATED Late External Delay Assertion 
Endpoint:   out[6]                 (^) checked with  leading edge of 'clk'
Beginpoint: psum_mem_instance/Q[6] (^) triggered by  leading edge of 'clk'
Path Groups: {clk}
Analysis View: WC_VIEW
Other End Arrival Time          0.000
- External Delay                0.200
+ Phase Shift                   1.000
+ CPPR Adjustment               0.000
= Required Time                 0.800
- Arrival Time                  2.329
= Slack Time                   -1.529
     Clock Rise Edge                 0.000
     + Clock Network Latency (Prop)  1.610
     = Beginpoint Arrival Time       1.610
     +------------------------------------------------------------------------------+ 
     |      Instance      |       Arc       |   Cell   | Delay | Arrival | Required | 
     |                    |                 |          |       |  Time   |   Time   | 
     |--------------------+-----------------+----------+-------+---------+----------| 
     | psum_mem_instance  | CLK ^           |          |       |   1.610 |    0.080 | 
     | psum_mem_instance  | CLK ^ -> Q[6] ^ | sram_w16 | 0.444 |   2.053 |    0.524 | 
     | FE_OFC345_out_6_   | I ^ -> Z ^      | BUFFD16  | 0.095 |   2.149 |    0.619 | 
     | FE_OCPC8101_out_6_ | I ^ -> Z ^      | BUFFD2   | 0.083 |   2.232 |    0.702 | 
     | FE_OCPC6878_out_6_ | I ^ -> ZN v     | INVD6    | 0.038 |   2.269 |    0.740 | 
     | FE_OCPC6879_out_6_ | I v -> ZN ^     | CKND16   | 0.030 |   2.300 |    0.770 | 
     |                    | out[6] ^        |          | 0.030 |   2.329 |    0.800 | 
     +------------------------------------------------------------------------------+ 
Path 5: VIOLATED Late External Delay Assertion 
Endpoint:   out[13]                 (^) checked with  leading edge of 'clk'
Beginpoint: psum_mem_instance/Q[13] (^) triggered by  leading edge of 'clk'
Path Groups: {clk}
Analysis View: WC_VIEW
Other End Arrival Time          0.000
- External Delay                0.200
+ Phase Shift                   1.000
+ CPPR Adjustment               0.000
= Required Time                 0.800
- Arrival Time                  2.329
= Slack Time                   -1.529
     Clock Rise Edge                 0.000
     + Clock Network Latency (Prop)  1.610
     = Beginpoint Arrival Time       1.610
     +--------------------------------------------------------------------------------+ 
     |      Instance       |       Arc        |   Cell   | Delay | Arrival | Required | 
     |                     |                  |          |       |  Time   |   Time   | 
     |---------------------+------------------+----------+-------+---------+----------| 
     | psum_mem_instance   | CLK ^            |          |       |   1.610 |    0.081 | 
     | psum_mem_instance   | CLK ^ -> Q[13] ^ | sram_w16 | 0.471 |   2.081 |    0.552 | 
     | FE_OFC331_out_13_   | I ^ -> Z ^       | BUFFD16  | 0.097 |   2.178 |    0.649 | 
     | FE_OCPC8046_out_13_ | I ^ -> Z ^       | BUFFD4   | 0.051 |   2.229 |    0.700 | 
     | FE_OCPC8356_out_13_ | I ^ -> Z ^       | BUFFD16  | 0.046 |   2.275 |    0.746 | 
     |                     | out[13] ^        |          | 0.054 |   2.329 |    0.800 | 
     +--------------------------------------------------------------------------------+ 

