*----------------------------------------------------------------------------------------
*	Innovus 15.23-s045_1 (64bit) 04/22/2016 12:32 (Linux 2.6.18-194.el5)
*	
*
* 	Date & Time:	2025-Mar-22 23:46:27 (2025-Mar-23 06:46:27 GMT)
*
*----------------------------------------------------------------------------------------
*
*	Design: core
*
*	Liberty Libraries used: 
*	        WC_VIEW: /home/linux/ieng6/ee260bwi25/public/PDKdata/lib/tcbn65gpluswc.lib
*	        WC_VIEW: ../sram_pnr/sram_w16_WC.lib
*
*	Power Domain used: 
*		Rail:        VDD 	Voltage:        0.9 
*
*       Power View : WC_VIEW
*
*       User-Defined Activity : N.A.
*
*       Activity File: N.A.
*
*       Hierarchical Global Activity: N.A.
*
*       Global Activity: N.A.
*
*       Sequential Element Activity: 0.200000
*
*       Primary Input Activity: 0.200000
*
*       Default icg ratio: N.A.
*
*       Global Comb ClockGate Ratio: N.A.
*
*	Power Units = 1mW
*
*	Time Units = 1e-09 secs 
*
*       report_power -outfile core.post_route.power.rpt
*
-----------------------------------------------------------------------------------------


Total Power 
-----------------------------------------------------------------------------------------
Total Internal Power:      111.12041447 	   59.2008%
Total Switching Power:      71.08672575 	   37.8723%
Total Leakage Power:         5.49383620 	    2.9269%
Total Power:               187.70097694 
-----------------------------------------------------------------------------------------


Group                           Internal   Switching     Leakage       Total  Percentage 
                                Power      Power         Power         Power  (%)        
-----------------------------------------------------------------------------------------
Sequential                         52.36       3.186      0.4229       55.96       29.82 
Macro                                  0      0.7552       3.422       4.177       2.226 
IO                                     0           0    1.52e-06    1.52e-06   8.098e-07 
Combinational                      47.12       55.03       1.567       103.7       55.25 
Clock (Combinational)              11.65       12.12     0.08139       23.85        12.7 
Clock (Sequential)                     0           0           0           0           0 
-----------------------------------------------------------------------------------------
Total                              111.1       71.09       5.494       187.7         100 
-----------------------------------------------------------------------------------------


Rail                  Voltage   Internal   Switching     Leakage       Total  Percentage 
                                Power      Power         Power         Power  (%)        
-----------------------------------------------------------------------------------------
VDD                       0.9      111.1       71.09       5.494       187.7         100 


Clock                           Internal   Switching     Leakage       Total  Percentage 
                                Power      Power         Power         Power  (%)        
-----------------------------------------------------------------------------------------
clk                                11.65       12.12     0.08139       23.85        12.7 
-----------------------------------------------------------------------------------------
Total (excluding duplicates)       11.65       12.12     0.08139       23.85        12.7 
-----------------------------------------------------------------------------------------


-----------------------------------------------------------------------------------------
*	Power Distribution Summary: 
* 		Highest Average Power:         psum_mem_instance (sram_w16): 	    0.5313 
* 		Highest Leakage Power:          norm_inst/U11048 (ND3D8): 	 0.0003029 
* 		Total Cap: 	4.29533e-10 F
* 		Total instances in design: 108180
* 		Total instances in design with no power:     0
*          Total instances in design with no activity:     0
* 		Total Fillers and Decap: 41898
-----------------------------------------------------------------------------------------

