xrun(64): 20.09-s017: (c) Copyright 1995-2021 Cadence Design Systems, Inc.
TOOL:	xrun(64)	20.09-s017: Started on Mar 22, 2025 at 12:29:36 PDT
xrun
	+define+INITIALIZE_MEMORY
	+xminitialize+0
	+gui
	+access+rwc
	+xm64bit
	+xmstatus
	+xmtimescale+1ns/1ps
	+xmoveride_timescale
	-v ./netlist/core.v
	-v /home/linux/ieng6/ee260bwi25/public/PDKdata/verilog/tcbn65gplus.v
	./netlist/core_tb.v
	+xmseq_udp_delay+20ps

   User defined plus("+") options:
	+xmoveride_timescale

DEFINE analogLib $CDSHOME/tools/dfII/etc/cdslib/artist/analogLib
|
xrun: *W,DLCPTH (/home/linux/ieng6/oce/6d/h3le/cds.lib,5): cds.lib Invalid path '/software/ECE/IC-618/tools/dfII/bin/tools/dfII/etc/cdslib/artist/analogLib' (cds.lib command ignored).
DEFINE basic $CDSHOME/tools/dfII/etc/cdslib/basic
|
xrun: *W,DLCPTH (/home/linux/ieng6/oce/6d/h3le/cds.lib,6): cds.lib Invalid path '/software/ECE/IC-618/tools/dfII/bin/tools/dfII/etc/cdslib/basic' (cds.lib command ignored).
DEFINE US_8ths $CDSHOME/tools/dfII/etc/cdslib/sheets/US_8ths
|
xrun: *W,DLCPTH (/home/linux/ieng6/oce/6d/h3le/cds.lib,7): cds.lib Invalid path '/software/ECE/IC-618/tools/dfII/bin/tools/dfII/etc/cdslib/sheets/US_8ths' (cds.lib command ignored).
DEFINE sheets $CDSHOME/tools/dfII/etc/cdslib/sheets/US_8ths
|
xrun: *W,DLCPTH (/home/linux/ieng6/oce/6d/h3le/cds.lib,8): cds.lib Invalid path '/software/ECE/IC-618/tools/dfII/bin/tools/dfII/etc/cdslib/sheets/US_8ths' (cds.lib command ignored).
DEFINE cdsDefTechLib $CDSHOME/tools/dfII/etc/cdsDefTechLib
|
xrun: *W,DLCPTH (/home/linux/ieng6/oce/6d/h3le/cds.lib,9): cds.lib Invalid path '/software/ECE/IC-618/tools/dfII/bin/tools/dfII/etc/cdsDefTechLib' (cds.lib command ignored).
DEFINE ahdlLib $CDSHOME/tools/dfII/samples/artist
|
xrun: *W,DLCPTH (/home/linux/ieng6/oce/6d/h3le/cds.lib,10): cds.lib Invalid path '/software/ECE/IC-618/tools/dfII/bin/tools/dfII/samples/artist' (cds.lib command ignored).
ASSIGN gsclib045 COMBINE gsclib045 gsclib045_tech
|
xrun: *W,DLCOMB (/home/linux/ieng6/oce/6d/h3le/cds.lib,24): cds.lib COMBINE attribute library not defined 'gsclib045_tech' (cds.lib command ignored).
ASSIGN gsclib045_tech DISPLAY PDKlib
|
xrun: *W,DLCLIB (/home/linux/ieng6/oce/6d/h3le/cds.lib,26): cds.lib Library not defined 'gsclib045_tech' (cds.lib command ignored).
DEFINE sharedKen /home/linux/ieng6/ee283fa23/public/ee283fa23_hll/shared_buck_project
|
xrun: *W,DLCPTH (/home/linux/ieng6/oce/6d/h3le/cds.lib,36): cds.lib Invalid path '/home/linux/ieng6/ee283fa23/public/ee283fa23_hll/shared_buck_project' (cds.lib command ignored).
DEFINE analogLib $CDSHOME/tools/dfII/etc/cdslib/artist/analogLib
|
xrun: *W,DLCPTH (/home/linux/ieng6/oce/6d/h3le/cds.lib,5): cds.lib Invalid path '/software/ECE/IC-618/tools/dfII/bin/tools/dfII/etc/cdslib/artist/analogLib' (cds.lib command ignored).
DEFINE basic $CDSHOME/tools/dfII/etc/cdslib/basic
|
xrun: *W,DLCPTH (/home/linux/ieng6/oce/6d/h3le/cds.lib,6): cds.lib Invalid path '/software/ECE/IC-618/tools/dfII/bin/tools/dfII/etc/cdslib/basic' (cds.lib command ignored).
DEFINE US_8ths $CDSHOME/tools/dfII/etc/cdslib/sheets/US_8ths
|
xrun: *W,DLCPTH (/home/linux/ieng6/oce/6d/h3le/cds.lib,7): cds.lib Invalid path '/software/ECE/IC-618/tools/dfII/bin/tools/dfII/etc/cdslib/sheets/US_8ths' (cds.lib command ignored).
DEFINE sheets $CDSHOME/tools/dfII/etc/cdslib/sheets/US_8ths
|
xrun: *W,DLCPTH (/home/linux/ieng6/oce/6d/h3le/cds.lib,8): cds.lib Invalid path '/software/ECE/IC-618/tools/dfII/bin/tools/dfII/etc/cdslib/sheets/US_8ths' (cds.lib command ignored).
DEFINE cdsDefTechLib $CDSHOME/tools/dfII/etc/cdsDefTechLib
|
xrun: *W,DLCPTH (/home/linux/ieng6/oce/6d/h3le/cds.lib,9): cds.lib Invalid path '/software/ECE/IC-618/tools/dfII/bin/tools/dfII/etc/cdsDefTechLib' (cds.lib command ignored).
DEFINE ahdlLib $CDSHOME/tools/dfII/samples/artist
|
xrun: *W,DLCPTH (/home/linux/ieng6/oce/6d/h3le/cds.lib,10): cds.lib Invalid path '/software/ECE/IC-618/tools/dfII/bin/tools/dfII/samples/artist' (cds.lib command ignored).
ASSIGN gsclib045 COMBINE gsclib045 gsclib045_tech
|
xrun: *W,DLCOMB (/home/linux/ieng6/oce/6d/h3le/cds.lib,24): cds.lib COMBINE attribute library not defined 'gsclib045_tech' (cds.lib command ignored).
ASSIGN gsclib045_tech DISPLAY PDKlib
|
xrun: *W,DLCLIB (/home/linux/ieng6/oce/6d/h3le/cds.lib,26): cds.lib Library not defined 'gsclib045_tech' (cds.lib command ignored).
DEFINE sharedKen /home/linux/ieng6/ee283fa23/public/ee283fa23_hll/shared_buck_project
|
xrun: *W,DLCPTH (/home/linux/ieng6/oce/6d/h3le/cds.lib,36): cds.lib Invalid path '/home/linux/ieng6/ee283fa23/public/ee283fa23_hll/shared_buck_project' (cds.lib command ignored).
DEFINE analogLib $CDSHOME/tools/dfII/etc/cdslib/artist/analogLib
|
xrun: *W,DLCPTH (/home/linux/ieng6/oce/6d/h3le/cds.lib,5): cds.lib Invalid path '/software/ECE/IC-618/tools/dfII/bin/tools/dfII/etc/cdslib/artist/analogLib' (cds.lib command ignored).
DEFINE basic $CDSHOME/tools/dfII/etc/cdslib/basic
|
xrun: *W,DLCPTH (/home/linux/ieng6/oce/6d/h3le/cds.lib,6): cds.lib Invalid path '/software/ECE/IC-618/tools/dfII/bin/tools/dfII/etc/cdslib/basic' (cds.lib command ignored).
DEFINE US_8ths $CDSHOME/tools/dfII/etc/cdslib/sheets/US_8ths
|
xrun: *W,DLCPTH (/home/linux/ieng6/oce/6d/h3le/cds.lib,7): cds.lib Invalid path '/software/ECE/IC-618/tools/dfII/bin/tools/dfII/etc/cdslib/sheets/US_8ths' (cds.lib command ignored).
DEFINE sheets $CDSHOME/tools/dfII/etc/cdslib/sheets/US_8ths
|
xrun: *W,DLCPTH (/home/linux/ieng6/oce/6d/h3le/cds.lib,8): cds.lib Invalid path '/software/ECE/IC-618/tools/dfII/bin/tools/dfII/etc/cdslib/sheets/US_8ths' (cds.lib command ignored).
DEFINE cdsDefTechLib $CDSHOME/tools/dfII/etc/cdsDefTechLib
|
xrun: *W,DLCPTH (/home/linux/ieng6/oce/6d/h3le/cds.lib,9): cds.lib Invalid path '/software/ECE/IC-618/tools/dfII/bin/tools/dfII/etc/cdsDefTechLib' (cds.lib command ignored).
DEFINE ahdlLib $CDSHOME/tools/dfII/samples/artist
|
xrun: *W,DLCPTH (/home/linux/ieng6/oce/6d/h3le/cds.lib,10): cds.lib Invalid path '/software/ECE/IC-618/tools/dfII/bin/tools/dfII/samples/artist' (cds.lib command ignored).
ASSIGN gsclib045 COMBINE gsclib045 gsclib045_tech
|
xrun: *W,DLCOMB (/home/linux/ieng6/oce/6d/h3le/cds.lib,24): cds.lib COMBINE attribute library not defined 'gsclib045_tech' (cds.lib command ignored).
ASSIGN gsclib045_tech DISPLAY PDKlib
|
xrun: *W,DLCLIB (/home/linux/ieng6/oce/6d/h3le/cds.lib,26): cds.lib Library not defined 'gsclib045_tech' (cds.lib command ignored).
DEFINE sharedKen /home/linux/ieng6/ee283fa23/public/ee283fa23_hll/shared_buck_project
|
xrun: *W,DLCPTH (/home/linux/ieng6/oce/6d/h3le/cds.lib,36): cds.lib Invalid path '/home/linux/ieng6/ee283fa23/public/ee283fa23_hll/shared_buck_project' (cds.lib command ignored).
DEFINE analogLib $CDSHOME/tools/dfII/etc/cdslib/artist/analogLib
|
xrun: *W,DLCPTH (/home/linux/ieng6/oce/6d/h3le/cds.lib,5): cds.lib Invalid path '/software/ECE/IC-618/tools/dfII/bin/tools/dfII/etc/cdslib/artist/analogLib' (cds.lib command ignored).
DEFINE basic $CDSHOME/tools/dfII/etc/cdslib/basic
|
xrun: *W,DLCPTH (/home/linux/ieng6/oce/6d/h3le/cds.lib,6): cds.lib Invalid path '/software/ECE/IC-618/tools/dfII/bin/tools/dfII/etc/cdslib/basic' (cds.lib command ignored).
DEFINE US_8ths $CDSHOME/tools/dfII/etc/cdslib/sheets/US_8ths
|
xrun: *W,DLCPTH (/home/linux/ieng6/oce/6d/h3le/cds.lib,7): cds.lib Invalid path '/software/ECE/IC-618/tools/dfII/bin/tools/dfII/etc/cdslib/sheets/US_8ths' (cds.lib command ignored).
DEFINE sheets $CDSHOME/tools/dfII/etc/cdslib/sheets/US_8ths
|
xrun: *W,DLCPTH (/home/linux/ieng6/oce/6d/h3le/cds.lib,8): cds.lib Invalid path '/software/ECE/IC-618/tools/dfII/bin/tools/dfII/etc/cdslib/sheets/US_8ths' (cds.lib command ignored).
DEFINE cdsDefTechLib $CDSHOME/tools/dfII/etc/cdsDefTechLib
|
xrun: *W,DLCPTH (/home/linux/ieng6/oce/6d/h3le/cds.lib,9): cds.lib Invalid path '/software/ECE/IC-618/tools/dfII/bin/tools/dfII/etc/cdsDefTechLib' (cds.lib command ignored).
DEFINE ahdlLib $CDSHOME/tools/dfII/samples/artist
|
xrun: *W,DLCPTH (/home/linux/ieng6/oce/6d/h3le/cds.lib,10): cds.lib Invalid path '/software/ECE/IC-618/tools/dfII/bin/tools/dfII/samples/artist' (cds.lib command ignored).
ASSIGN gsclib045 COMBINE gsclib045 gsclib045_tech
|
xrun: *W,DLCOMB (/home/linux/ieng6/oce/6d/h3le/cds.lib,24): cds.lib COMBINE attribute library not defined 'gsclib045_tech' (cds.lib command ignored).
ASSIGN gsclib045_tech DISPLAY PDKlib
|
xrun: *W,DLCLIB (/home/linux/ieng6/oce/6d/h3le/cds.lib,26): cds.lib Library not defined 'gsclib045_tech' (cds.lib command ignored).
DEFINE sharedKen /home/linux/ieng6/ee283fa23/public/ee283fa23_hll/shared_buck_project
|
xrun: *W,DLCPTH (/home/linux/ieng6/oce/6d/h3le/cds.lib,36): cds.lib Invalid path '/home/linux/ieng6/ee283fa23/public/ee283fa23_hll/shared_buck_project' (cds.lib command ignored).
Recompiling... reason: file './netlist/core.v' is newer than expected.
	expected: Sat Mar 22 12:10:14 2025
	actual:   Sat Mar 22 12:28:57 2025
DEFINE analogLib $CDSHOME/tools/dfII/etc/cdslib/artist/analogLib
|
xrun: *W,DLCPTH (/home/linux/ieng6/oce/6d/h3le/cds.lib,5): cds.lib Invalid path '/software/ECE/IC-618/tools/dfII/bin/tools/dfII/etc/cdslib/artist/analogLib' (cds.lib command ignored).
DEFINE basic $CDSHOME/tools/dfII/etc/cdslib/basic
|
xrun: *W,DLCPTH (/home/linux/ieng6/oce/6d/h3le/cds.lib,6): cds.lib Invalid path '/software/ECE/IC-618/tools/dfII/bin/tools/dfII/etc/cdslib/basic' (cds.lib command ignored).
DEFINE US_8ths $CDSHOME/tools/dfII/etc/cdslib/sheets/US_8ths
|
xrun: *W,DLCPTH (/home/linux/ieng6/oce/6d/h3le/cds.lib,7): cds.lib Invalid path '/software/ECE/IC-618/tools/dfII/bin/tools/dfII/etc/cdslib/sheets/US_8ths' (cds.lib command ignored).
DEFINE sheets $CDSHOME/tools/dfII/etc/cdslib/sheets/US_8ths
|
xrun: *W,DLCPTH (/home/linux/ieng6/oce/6d/h3le/cds.lib,8): cds.lib Invalid path '/software/ECE/IC-618/tools/dfII/bin/tools/dfII/etc/cdslib/sheets/US_8ths' (cds.lib command ignored).
DEFINE cdsDefTechLib $CDSHOME/tools/dfII/etc/cdsDefTechLib
|
xrun: *W,DLCPTH (/home/linux/ieng6/oce/6d/h3le/cds.lib,9): cds.lib Invalid path '/software/ECE/IC-618/tools/dfII/bin/tools/dfII/etc/cdsDefTechLib' (cds.lib command ignored).
DEFINE ahdlLib $CDSHOME/tools/dfII/samples/artist
|
xrun: *W,DLCPTH (/home/linux/ieng6/oce/6d/h3le/cds.lib,10): cds.lib Invalid path '/software/ECE/IC-618/tools/dfII/bin/tools/dfII/samples/artist' (cds.lib command ignored).
ASSIGN gsclib045 COMBINE gsclib045 gsclib045_tech
|
xrun: *W,DLCOMB (/home/linux/ieng6/oce/6d/h3le/cds.lib,24): cds.lib COMBINE attribute library not defined 'gsclib045_tech' (cds.lib command ignored).
ASSIGN gsclib045_tech DISPLAY PDKlib
|
xrun: *W,DLCLIB (/home/linux/ieng6/oce/6d/h3le/cds.lib,26): cds.lib Library not defined 'gsclib045_tech' (cds.lib command ignored).
DEFINE sharedKen /home/linux/ieng6/ee283fa23/public/ee283fa23_hll/shared_buck_project
|
xrun: *W,DLCPTH (/home/linux/ieng6/oce/6d/h3le/cds.lib,36): cds.lib Invalid path '/home/linux/ieng6/ee283fa23/public/ee283fa23_hll/shared_buck_project' (cds.lib command ignored).
DEFINE analogLib $CDSHOME/tools/dfII/etc/cdslib/artist/analogLib
|
xmvlog: *W,DLCPTH (/home/linux/ieng6/oce/6d/h3le/cds.lib,5): cds.lib Invalid path '/software/ECE/IC-618/tools/dfII/bin/tools/dfII/etc/cdslib/artist/analogLib' (cds.lib command ignored).
DEFINE basic $CDSHOME/tools/dfII/etc/cdslib/basic
|
xmvlog: *W,DLCPTH (/home/linux/ieng6/oce/6d/h3le/cds.lib,6): cds.lib Invalid path '/software/ECE/IC-618/tools/dfII/bin/tools/dfII/etc/cdslib/basic' (cds.lib command ignored).
DEFINE US_8ths $CDSHOME/tools/dfII/etc/cdslib/sheets/US_8ths
|
xmvlog: *W,DLCPTH (/home/linux/ieng6/oce/6d/h3le/cds.lib,7): cds.lib Invalid path '/software/ECE/IC-618/tools/dfII/bin/tools/dfII/etc/cdslib/sheets/US_8ths' (cds.lib command ignored).
DEFINE sheets $CDSHOME/tools/dfII/etc/cdslib/sheets/US_8ths
|
xmvlog: *W,DLCPTH (/home/linux/ieng6/oce/6d/h3le/cds.lib,8): cds.lib Invalid path '/software/ECE/IC-618/tools/dfII/bin/tools/dfII/etc/cdslib/sheets/US_8ths' (cds.lib command ignored).
DEFINE cdsDefTechLib $CDSHOME/tools/dfII/etc/cdsDefTechLib
|
xmvlog: *W,DLCPTH (/home/linux/ieng6/oce/6d/h3le/cds.lib,9): cds.lib Invalid path '/software/ECE/IC-618/tools/dfII/bin/tools/dfII/etc/cdsDefTechLib' (cds.lib command ignored).
DEFINE ahdlLib $CDSHOME/tools/dfII/samples/artist
|
xmvlog: *W,DLCPTH (/home/linux/ieng6/oce/6d/h3le/cds.lib,10): cds.lib Invalid path '/software/ECE/IC-618/tools/dfII/bin/tools/dfII/samples/artist' (cds.lib command ignored).
ASSIGN gsclib045 COMBINE gsclib045 gsclib045_tech
|
xmvlog: *W,DLCOMB (/home/linux/ieng6/oce/6d/h3le/cds.lib,24): cds.lib COMBINE attribute library not defined 'gsclib045_tech' (cds.lib command ignored).
ASSIGN gsclib045_tech DISPLAY PDKlib
|
xmvlog: *W,DLCLIB (/home/linux/ieng6/oce/6d/h3le/cds.lib,26): cds.lib Library not defined 'gsclib045_tech' (cds.lib command ignored).
DEFINE sharedKen /home/linux/ieng6/ee283fa23/public/ee283fa23_hll/shared_buck_project
|
xmvlog: *W,DLCPTH (/home/linux/ieng6/oce/6d/h3le/cds.lib,36): cds.lib Invalid path '/home/linux/ieng6/ee283fa23/public/ee283fa23_hll/shared_buck_project' (cds.lib command ignored).
file: ./netlist/core_tb.v
	module worklib.core_tb:v
		errors: 0, warnings: 0
file: ./netlist/core.v
	module netlist.core:v
		errors: 0, warnings: 0
file: ./netlist/core.v
	module netlist.mac_array_col8_bw8_bw_psum20_pr8:v
		errors: 0, warnings: 0
	module netlist.ofifo_col8_bw20:v
		errors: 0, warnings: 0
	module netlist.sram_w16_sram_bit64_1:v
		errors: 0, warnings: 0
	module netlist.sram_w16_sram_bit160:v
		errors: 0, warnings: 0
	module netlist.sram_w16_sram_bit64_0:v
		errors: 0, warnings: 0
file: ./netlist/core.v
	module netlist.mac_col_bw8_bw_psum20_pr8_col_id0:v
		errors: 0, warnings: 0
	module netlist.mac_col_bw8_bw_psum20_pr8_col_id1:v
		errors: 0, warnings: 0
	module netlist.mac_col_bw8_bw_psum20_pr8_col_id2:v
		errors: 0, warnings: 0
	module netlist.mac_col_bw8_bw_psum20_pr8_col_id3:v
		errors: 0, warnings: 0
	module netlist.mac_col_bw8_bw_psum20_pr8_col_id4:v
		errors: 0, warnings: 0
	module netlist.mac_col_bw8_bw_psum20_pr8_col_id5:v
		errors: 0, warnings: 0
	module netlist.mac_col_bw8_bw_psum20_pr8_col_id6:v
		errors: 0, warnings: 0
	module netlist.mac_col_bw8_bw_psum20_pr8_col_id7:v
		errors: 0, warnings: 0
	module netlist.fifo_depth16_bw20_simd1_7:v
		errors: 0, warnings: 0
	module netlist.fifo_depth16_bw20_simd1_6:v
		errors: 0, warnings: 0
	module netlist.fifo_depth16_bw20_simd1_0:v
		errors: 0, warnings: 0
	module netlist.fifo_depth16_bw20_simd1_1:v
		errors: 0, warnings: 0
	module netlist.fifo_depth16_bw20_simd1_2:v
		errors: 0, warnings: 0
	module netlist.fifo_depth16_bw20_simd1_3:v
		errors: 0, warnings: 0
	module netlist.fifo_depth16_bw20_simd1_4:v
		errors: 0, warnings: 0
	module netlist.fifo_depth16_bw20_simd1_5:v
		errors: 0, warnings: 0
file: ./netlist/core.v
	module netlist.mac_8in_bw8_bw_psum20_pr8_7:v
		errors: 0, warnings: 0
	module netlist.mac_8in_bw8_bw_psum20_pr8_6:v
		errors: 0, warnings: 0
	module netlist.mac_8in_bw8_bw_psum20_pr8_5:v
		errors: 0, warnings: 0
	module netlist.mac_8in_bw8_bw_psum20_pr8_4:v
		errors: 0, warnings: 0
	module netlist.mac_8in_bw8_bw_psum20_pr8_3:v
		errors: 0, warnings: 0
	module netlist.mac_8in_bw8_bw_psum20_pr8_2:v
		errors: 0, warnings: 0
	module netlist.mac_8in_bw8_bw_psum20_pr8_1:v
		errors: 0, warnings: 0
	module netlist.mac_8in_bw8_bw_psum20_pr8_0:v
		errors: 0, warnings: 0
	module netlist.fifo_mux_16_1_bw20_simd1_7:v
		errors: 0, warnings: 0
	module netlist.fifo_mux_16_1_bw20_simd1_6:v
		errors: 0, warnings: 0
	module netlist.fifo_mux_16_1_bw20_simd1_0:v
		errors: 0, warnings: 0
	module netlist.fifo_mux_16_1_bw20_simd1_1:v
		errors: 0, warnings: 0
	module netlist.fifo_mux_16_1_bw20_simd1_2:v
		errors: 0, warnings: 0
	module netlist.fifo_mux_16_1_bw20_simd1_3:v
		errors: 0, warnings: 0
	module netlist.fifo_mux_16_1_bw20_simd1_4:v
		errors: 0, warnings: 0
	module netlist.fifo_mux_16_1_bw20_simd1_5:v
		errors: 0, warnings: 0
file: ./netlist/core.v
	module netlist.fifo_mux_8_1_bw20_simd1_15:v
		errors: 0, warnings: 0
	module netlist.fifo_mux_2_1_bw20_simd1_119:v
		errors: 0, warnings: 0
	module netlist.fifo_mux_8_1_bw20_simd1_14:v
		errors: 0, warnings: 0
	module netlist.fifo_mux_8_1_bw20_simd1_12:v
		errors: 0, warnings: 0
	module netlist.fifo_mux_8_1_bw20_simd1_13:v
		errors: 0, warnings: 0
	module netlist.fifo_mux_2_1_bw20_simd1_118:v
		errors: 0, warnings: 0
	module netlist.fifo_mux_8_1_bw20_simd1_0:v
		errors: 0, warnings: 0
	module netlist.fifo_mux_8_1_bw20_simd1_1:v
		errors: 0, warnings: 0
	module netlist.fifo_mux_2_1_bw20_simd1_112:v
		errors: 0, warnings: 0
	module netlist.fifo_mux_8_1_bw20_simd1_2:v
		errors: 0, warnings: 0
	module netlist.fifo_mux_8_1_bw20_simd1_3:v
		errors: 0, warnings: 0
	module netlist.fifo_mux_2_1_bw20_simd1_113:v
		errors: 0, warnings: 0
	module netlist.fifo_mux_8_1_bw20_simd1_4:v
		errors: 0, warnings: 0
	module netlist.fifo_mux_8_1_bw20_simd1_5:v
		errors: 0, warnings: 0
	module netlist.fifo_mux_2_1_bw20_simd1_114:v
		errors: 0, warnings: 0
	module netlist.fifo_mux_8_1_bw20_simd1_6:v
		errors: 0, warnings: 0
	module netlist.fifo_mux_8_1_bw20_simd1_7:v
		errors: 0, warnings: 0
	module netlist.fifo_mux_2_1_bw20_simd1_115:v
		errors: 0, warnings: 0
	module netlist.fifo_mux_8_1_bw20_simd1_8:v
		errors: 0, warnings: 0
	module netlist.fifo_mux_8_1_bw20_simd1_9:v
		errors: 0, warnings: 0
	module netlist.fifo_mux_2_1_bw20_simd1_116:v
		errors: 0, warnings: 0
	module netlist.fifo_mux_8_1_bw20_simd1_10:v
		errors: 0, warnings: 0
	module netlist.fifo_mux_8_1_bw20_simd1_11:v
		errors: 0, warnings: 0
	module netlist.fifo_mux_2_1_bw20_simd1_117:v
		errors: 0, warnings: 0
file: ./netlist/core.v
	module netlist.fifo_mux_2_1_bw20_simd1_105:v
		errors: 0, warnings: 0
	module netlist.fifo_mux_2_1_bw20_simd1_106:v
		errors: 0, warnings: 0
	module netlist.fifo_mux_2_1_bw20_simd1_107:v
		errors: 0, warnings: 0
	module netlist.fifo_mux_2_1_bw20_simd1_108:v
		errors: 0, warnings: 0
	module netlist.fifo_mux_2_1_bw20_simd1_109:v
		errors: 0, warnings: 0
	module netlist.fifo_mux_2_1_bw20_simd1_110:v
		errors: 0, warnings: 0
	module netlist.fifo_mux_2_1_bw20_simd1_111:v
		errors: 0, warnings: 0
	module netlist.fifo_mux_2_1_bw20_simd1_98:v
		errors: 0, warnings: 0
	module netlist.fifo_mux_2_1_bw20_simd1_99:v
		errors: 0, warnings: 0
	module netlist.fifo_mux_2_1_bw20_simd1_100:v
		errors: 0, warnings: 0
	module netlist.fifo_mux_2_1_bw20_simd1_101:v
		errors: 0, warnings: 0
	module netlist.fifo_mux_2_1_bw20_simd1_102:v
		errors: 0, warnings: 0
	module netlist.fifo_mux_2_1_bw20_simd1_103:v
		errors: 0, warnings: 0
	module netlist.fifo_mux_2_1_bw20_simd1_104:v
		errors: 0, warnings: 0
	module netlist.fifo_mux_2_1_bw20_simd1_84:v
		errors: 0, warnings: 0
	module netlist.fifo_mux_2_1_bw20_simd1_85:v
		errors: 0, warnings: 0
	module netlist.fifo_mux_2_1_bw20_simd1_86:v
		errors: 0, warnings: 0
	module netlist.fifo_mux_2_1_bw20_simd1_87:v
		errors: 0, warnings: 0
	module netlist.fifo_mux_2_1_bw20_simd1_88:v
		errors: 0, warnings: 0
	module netlist.fifo_mux_2_1_bw20_simd1_89:v
		errors: 0, warnings: 0
	module netlist.fifo_mux_2_1_bw20_simd1_90:v
		errors: 0, warnings: 0
	module netlist.fifo_mux_2_1_bw20_simd1_91:v
		errors: 0, warnings: 0
	module netlist.fifo_mux_2_1_bw20_simd1_92:v
		errors: 0, warnings: 0
	module netlist.fifo_mux_2_1_bw20_simd1_93:v
		errors: 0, warnings: 0
	module netlist.fifo_mux_2_1_bw20_simd1_94:v
		errors: 0, warnings: 0
	module netlist.fifo_mux_2_1_bw20_simd1_95:v
		errors: 0, warnings: 0
	module netlist.fifo_mux_2_1_bw20_simd1_96:v
		errors: 0, warnings: 0
	module netlist.fifo_mux_2_1_bw20_simd1_97:v
		errors: 0, warnings: 0
	module netlist.fifo_mux_2_1_bw20_simd1_0:v
		errors: 0, warnings: 0
	module netlist.fifo_mux_2_1_bw20_simd1_1:v
		errors: 0, warnings: 0
	module netlist.fifo_mux_2_1_bw20_simd1_2:v
		errors: 0, warnings: 0
	module netlist.fifo_mux_2_1_bw20_simd1_3:v
		errors: 0, warnings: 0
	module netlist.fifo_mux_2_1_bw20_simd1_4:v
		errors: 0, warnings: 0
	module netlist.fifo_mux_2_1_bw20_simd1_5:v
		errors: 0, warnings: 0
	module netlist.fifo_mux_2_1_bw20_simd1_6:v
		errors: 0, warnings: 0
	module netlist.fifo_mux_2_1_bw20_simd1_7:v
		errors: 0, warnings: 0
	module netlist.fifo_mux_2_1_bw20_simd1_8:v
		errors: 0, warnings: 0
	module netlist.fifo_mux_2_1_bw20_simd1_9:v
		errors: 0, warnings: 0
	module netlist.fifo_mux_2_1_bw20_simd1_10:v
		errors: 0, warnings: 0
	module netlist.fifo_mux_2_1_bw20_simd1_11:v
		errors: 0, warnings: 0
	module netlist.fifo_mux_2_1_bw20_simd1_12:v
		errors: 0, warnings: 0
	module netlist.fifo_mux_2_1_bw20_simd1_13:v
		errors: 0, warnings: 0
	module netlist.fifo_mux_2_1_bw20_simd1_14:v
		errors: 0, warnings: 0
	module netlist.fifo_mux_2_1_bw20_simd1_15:v
		errors: 0, warnings: 0
	module netlist.fifo_mux_2_1_bw20_simd1_16:v
		errors: 0, warnings: 0
	module netlist.fifo_mux_2_1_bw20_simd1_17:v
		errors: 0, warnings: 0
	module netlist.fifo_mux_2_1_bw20_simd1_18:v
		errors: 0, warnings: 0
	module netlist.fifo_mux_2_1_bw20_simd1_19:v
		errors: 0, warnings: 0
	module netlist.fifo_mux_2_1_bw20_simd1_20:v
		errors: 0, warnings: 0
	module netlist.fifo_mux_2_1_bw20_simd1_21:v
		errors: 0, warnings: 0
	module netlist.fifo_mux_2_1_bw20_simd1_22:v
		errors: 0, warnings: 0
	module netlist.fifo_mux_2_1_bw20_simd1_23:v
		errors: 0, warnings: 0
	module netlist.fifo_mux_2_1_bw20_simd1_24:v
		errors: 0, warnings: 0
	module netlist.fifo_mux_2_1_bw20_simd1_25:v
		errors: 0, warnings: 0
	module netlist.fifo_mux_2_1_bw20_simd1_26:v
		errors: 0, warnings: 0
	module netlist.fifo_mux_2_1_bw20_simd1_27:v
		errors: 0, warnings: 0
	module netlist.fifo_mux_2_1_bw20_simd1_28:v
		errors: 0, warnings: 0
	module netlist.fifo_mux_2_1_bw20_simd1_29:v
		errors: 0, warnings: 0
	module netlist.fifo_mux_2_1_bw20_simd1_30:v
		errors: 0, warnings: 0
	module netlist.fifo_mux_2_1_bw20_simd1_31:v
		errors: 0, warnings: 0
	module netlist.fifo_mux_2_1_bw20_simd1_32:v
		errors: 0, warnings: 0
	module netlist.fifo_mux_2_1_bw20_simd1_33:v
		errors: 0, warnings: 0
	module netlist.fifo_mux_2_1_bw20_simd1_34:v
		errors: 0, warnings: 0
	module netlist.fifo_mux_2_1_bw20_simd1_35:v
		errors: 0, warnings: 0
	module netlist.fifo_mux_2_1_bw20_simd1_36:v
		errors: 0, warnings: 0
	module netlist.fifo_mux_2_1_bw20_simd1_37:v
		errors: 0, warnings: 0
	module netlist.fifo_mux_2_1_bw20_simd1_38:v
		errors: 0, warnings: 0
	module netlist.fifo_mux_2_1_bw20_simd1_39:v
		errors: 0, warnings: 0
	module netlist.fifo_mux_2_1_bw20_simd1_40:v
		errors: 0, warnings: 0
	module netlist.fifo_mux_2_1_bw20_simd1_41:v
		errors: 0, warnings: 0
	module netlist.fifo_mux_2_1_bw20_simd1_42:v
		errors: 0, warnings: 0
	module netlist.fifo_mux_2_1_bw20_simd1_43:v
		errors: 0, warnings: 0
	module netlist.fifo_mux_2_1_bw20_simd1_44:v
		errors: 0, warnings: 0
	module netlist.fifo_mux_2_1_bw20_simd1_45:v
		errors: 0, warnings: 0
	module netlist.fifo_mux_2_1_bw20_simd1_46:v
		errors: 0, warnings: 0
	module netlist.fifo_mux_2_1_bw20_simd1_47:v
		errors: 0, warnings: 0
	module netlist.fifo_mux_2_1_bw20_simd1_48:v
		errors: 0, warnings: 0
	module netlist.fifo_mux_2_1_bw20_simd1_49:v
		errors: 0, warnings: 0
	module netlist.fifo_mux_2_1_bw20_simd1_50:v
		errors: 0, warnings: 0
	module netlist.fifo_mux_2_1_bw20_simd1_51:v
		errors: 0, warnings: 0
	module netlist.fifo_mux_2_1_bw20_simd1_52:v
		errors: 0, warnings: 0
	module netlist.fifo_mux_2_1_bw20_simd1_53:v
		errors: 0, warnings: 0
	module netlist.fifo_mux_2_1_bw20_simd1_54:v
		errors: 0, warnings: 0
	module netlist.fifo_mux_2_1_bw20_simd1_55:v
		errors: 0, warnings: 0
	module netlist.fifo_mux_2_1_bw20_simd1_56:v
		errors: 0, warnings: 0
	module netlist.fifo_mux_2_1_bw20_simd1_57:v
		errors: 0, warnings: 0
	module netlist.fifo_mux_2_1_bw20_simd1_58:v
		errors: 0, warnings: 0
	module netlist.fifo_mux_2_1_bw20_simd1_59:v
		errors: 0, warnings: 0
	module netlist.fifo_mux_2_1_bw20_simd1_60:v
		errors: 0, warnings: 0
	module netlist.fifo_mux_2_1_bw20_simd1_61:v
		errors: 0, warnings: 0
	module netlist.fifo_mux_2_1_bw20_simd1_62:v
		errors: 0, warnings: 0
	module netlist.fifo_mux_2_1_bw20_simd1_63:v
		errors: 0, warnings: 0
	module netlist.fifo_mux_2_1_bw20_simd1_64:v
		errors: 0, warnings: 0
	module netlist.fifo_mux_2_1_bw20_simd1_65:v
		errors: 0, warnings: 0
	module netlist.fifo_mux_2_1_bw20_simd1_66:v
		errors: 0, warnings: 0
	module netlist.fifo_mux_2_1_bw20_simd1_67:v
		errors: 0, warnings: 0
	module netlist.fifo_mux_2_1_bw20_simd1_68:v
		errors: 0, warnings: 0
	module netlist.fifo_mux_2_1_bw20_simd1_69:v
		errors: 0, warnings: 0
	module netlist.fifo_mux_2_1_bw20_simd1_70:v
		errors: 0, warnings: 0
	module netlist.fifo_mux_2_1_bw20_simd1_71:v
		errors: 0, warnings: 0
	module netlist.fifo_mux_2_1_bw20_simd1_72:v
		errors: 0, warnings: 0
	module netlist.fifo_mux_2_1_bw20_simd1_73:v
		errors: 0, warnings: 0
	module netlist.fifo_mux_2_1_bw20_simd1_74:v
		errors: 0, warnings: 0
	module netlist.fifo_mux_2_1_bw20_simd1_75:v
		errors: 0, warnings: 0
	module netlist.fifo_mux_2_1_bw20_simd1_76:v
		errors: 0, warnings: 0
	module netlist.fifo_mux_2_1_bw20_simd1_77:v
		errors: 0, warnings: 0
	module netlist.fifo_mux_2_1_bw20_simd1_78:v
		errors: 0, warnings: 0
	module netlist.fifo_mux_2_1_bw20_simd1_79:v
		errors: 0, warnings: 0
	module netlist.fifo_mux_2_1_bw20_simd1_80:v
		errors: 0, warnings: 0
	module netlist.fifo_mux_2_1_bw20_simd1_81:v
		errors: 0, warnings: 0
	module netlist.fifo_mux_2_1_bw20_simd1_82:v
		errors: 0, warnings: 0
	module netlist.fifo_mux_2_1_bw20_simd1_83:v
		errors: 0, warnings: 0
file: /home/linux/ieng6/ee260bwi25/public/PDKdata/verilog/tcbn65gplus.v
	module tcbn65gplus.EDFCND1:v
		errors: 0, warnings: 0
	Total errors/warnings found outside modules and primitives:
		errors: 0, warnings: 9
xmvlog: Memory Usage - Current physical: 25.2M, Current virtual: 95.7M
xmvlog: CPU Usage - 0.1s system + 1.4s user = 1.6s total (2.0s, 78.5% cpu)
DEFINE analogLib $CDSHOME/tools/dfII/etc/cdslib/artist/analogLib
|
xrun: *W,DLCPTH (/home/linux/ieng6/oce/6d/h3le/cds.lib,5): cds.lib Invalid path '/software/ECE/IC-618/tools/dfII/bin/tools/dfII/etc/cdslib/artist/analogLib' (cds.lib command ignored).
DEFINE basic $CDSHOME/tools/dfII/etc/cdslib/basic
|
xrun: *W,DLCPTH (/home/linux/ieng6/oce/6d/h3le/cds.lib,6): cds.lib Invalid path '/software/ECE/IC-618/tools/dfII/bin/tools/dfII/etc/cdslib/basic' (cds.lib command ignored).
DEFINE US_8ths $CDSHOME/tools/dfII/etc/cdslib/sheets/US_8ths
|
xrun: *W,DLCPTH (/home/linux/ieng6/oce/6d/h3le/cds.lib,7): cds.lib Invalid path '/software/ECE/IC-618/tools/dfII/bin/tools/dfII/etc/cdslib/sheets/US_8ths' (cds.lib command ignored).
DEFINE sheets $CDSHOME/tools/dfII/etc/cdslib/sheets/US_8ths
|
xrun: *W,DLCPTH (/home/linux/ieng6/oce/6d/h3le/cds.lib,8): cds.lib Invalid path '/software/ECE/IC-618/tools/dfII/bin/tools/dfII/etc/cdslib/sheets/US_8ths' (cds.lib command ignored).
DEFINE cdsDefTechLib $CDSHOME/tools/dfII/etc/cdsDefTechLib
|
xrun: *W,DLCPTH (/home/linux/ieng6/oce/6d/h3le/cds.lib,9): cds.lib Invalid path '/software/ECE/IC-618/tools/dfII/bin/tools/dfII/etc/cdsDefTechLib' (cds.lib command ignored).
DEFINE ahdlLib $CDSHOME/tools/dfII/samples/artist
|
xrun: *W,DLCPTH (/home/linux/ieng6/oce/6d/h3le/cds.lib,10): cds.lib Invalid path '/software/ECE/IC-618/tools/dfII/bin/tools/dfII/samples/artist' (cds.lib command ignored).
ASSIGN gsclib045 COMBINE gsclib045 gsclib045_tech
|
xrun: *W,DLCOMB (/home/linux/ieng6/oce/6d/h3le/cds.lib,24): cds.lib COMBINE attribute library not defined 'gsclib045_tech' (cds.lib command ignored).
ASSIGN gsclib045_tech DISPLAY PDKlib
|
xrun: *W,DLCLIB (/home/linux/ieng6/oce/6d/h3le/cds.lib,26): cds.lib Library not defined 'gsclib045_tech' (cds.lib command ignored).
DEFINE sharedKen /home/linux/ieng6/ee283fa23/public/ee283fa23_hll/shared_buck_project
|
xrun: *W,DLCPTH (/home/linux/ieng6/oce/6d/h3le/cds.lib,36): cds.lib Invalid path '/home/linux/ieng6/ee283fa23/public/ee283fa23_hll/shared_buck_project' (cds.lib command ignored).
DEFINE analogLib $CDSHOME/tools/dfII/etc/cdslib/artist/analogLib
|
xrun: *W,DLCPTH (/home/linux/ieng6/oce/6d/h3le/cds.lib,5): cds.lib Invalid path '/software/ECE/IC-618/tools/dfII/bin/tools/dfII/etc/cdslib/artist/analogLib' (cds.lib command ignored).
DEFINE basic $CDSHOME/tools/dfII/etc/cdslib/basic
|
xrun: *W,DLCPTH (/home/linux/ieng6/oce/6d/h3le/cds.lib,6): cds.lib Invalid path '/software/ECE/IC-618/tools/dfII/bin/tools/dfII/etc/cdslib/basic' (cds.lib command ignored).
DEFINE US_8ths $CDSHOME/tools/dfII/etc/cdslib/sheets/US_8ths
|
xrun: *W,DLCPTH (/home/linux/ieng6/oce/6d/h3le/cds.lib,7): cds.lib Invalid path '/software/ECE/IC-618/tools/dfII/bin/tools/dfII/etc/cdslib/sheets/US_8ths' (cds.lib command ignored).
DEFINE sheets $CDSHOME/tools/dfII/etc/cdslib/sheets/US_8ths
|
xrun: *W,DLCPTH (/home/linux/ieng6/oce/6d/h3le/cds.lib,8): cds.lib Invalid path '/software/ECE/IC-618/tools/dfII/bin/tools/dfII/etc/cdslib/sheets/US_8ths' (cds.lib command ignored).
DEFINE cdsDefTechLib $CDSHOME/tools/dfII/etc/cdsDefTechLib
|
xrun: *W,DLCPTH (/home/linux/ieng6/oce/6d/h3le/cds.lib,9): cds.lib Invalid path '/software/ECE/IC-618/tools/dfII/bin/tools/dfII/etc/cdsDefTechLib' (cds.lib command ignored).
DEFINE ahdlLib $CDSHOME/tools/dfII/samples/artist
|
xrun: *W,DLCPTH (/home/linux/ieng6/oce/6d/h3le/cds.lib,10): cds.lib Invalid path '/software/ECE/IC-618/tools/dfII/bin/tools/dfII/samples/artist' (cds.lib command ignored).
ASSIGN gsclib045 COMBINE gsclib045 gsclib045_tech
|
xrun: *W,DLCOMB (/home/linux/ieng6/oce/6d/h3le/cds.lib,24): cds.lib COMBINE attribute library not defined 'gsclib045_tech' (cds.lib command ignored).
ASSIGN gsclib045_tech DISPLAY PDKlib
|
xrun: *W,DLCLIB (/home/linux/ieng6/oce/6d/h3le/cds.lib,26): cds.lib Library not defined 'gsclib045_tech' (cds.lib command ignored).
DEFINE sharedKen /home/linux/ieng6/ee283fa23/public/ee283fa23_hll/shared_buck_project
|
xrun: *W,DLCPTH (/home/linux/ieng6/oce/6d/h3le/cds.lib,36): cds.lib Invalid path '/home/linux/ieng6/ee283fa23/public/ee283fa23_hll/shared_buck_project' (cds.lib command ignored).
DEFINE analogLib $CDSHOME/tools/dfII/etc/cdslib/artist/analogLib
|
xmelab: *W,DLCPTH (/home/linux/ieng6/oce/6d/h3le/cds.lib,5): cds.lib Invalid path '/software/ECE/IC-618/tools/dfII/bin/tools/dfII/etc/cdslib/artist/analogLib' (cds.lib command ignored).
DEFINE basic $CDSHOME/tools/dfII/etc/cdslib/basic
|
xmelab: *W,DLCPTH (/home/linux/ieng6/oce/6d/h3le/cds.lib,6): cds.lib Invalid path '/software/ECE/IC-618/tools/dfII/bin/tools/dfII/etc/cdslib/basic' (cds.lib command ignored).
DEFINE US_8ths $CDSHOME/tools/dfII/etc/cdslib/sheets/US_8ths
|
xmelab: *W,DLCPTH (/home/linux/ieng6/oce/6d/h3le/cds.lib,7): cds.lib Invalid path '/software/ECE/IC-618/tools/dfII/bin/tools/dfII/etc/cdslib/sheets/US_8ths' (cds.lib command ignored).
DEFINE sheets $CDSHOME/tools/dfII/etc/cdslib/sheets/US_8ths
|
xmelab: *W,DLCPTH (/home/linux/ieng6/oce/6d/h3le/cds.lib,8): cds.lib Invalid path '/software/ECE/IC-618/tools/dfII/bin/tools/dfII/etc/cdslib/sheets/US_8ths' (cds.lib command ignored).
DEFINE cdsDefTechLib $CDSHOME/tools/dfII/etc/cdsDefTechLib
|
xmelab: *W,DLCPTH (/home/linux/ieng6/oce/6d/h3le/cds.lib,9): cds.lib Invalid path '/software/ECE/IC-618/tools/dfII/bin/tools/dfII/etc/cdsDefTechLib' (cds.lib command ignored).
DEFINE ahdlLib $CDSHOME/tools/dfII/samples/artist
|
xmelab: *W,DLCPTH (/home/linux/ieng6/oce/6d/h3le/cds.lib,10): cds.lib Invalid path '/software/ECE/IC-618/tools/dfII/bin/tools/dfII/samples/artist' (cds.lib command ignored).
ASSIGN gsclib045 COMBINE gsclib045 gsclib045_tech
|
xmelab: *W,DLCOMB (/home/linux/ieng6/oce/6d/h3le/cds.lib,24): cds.lib COMBINE attribute library not defined 'gsclib045_tech' (cds.lib command ignored).
ASSIGN gsclib045_tech DISPLAY PDKlib
|
xmelab: *W,DLCLIB (/home/linux/ieng6/oce/6d/h3le/cds.lib,26): cds.lib Library not defined 'gsclib045_tech' (cds.lib command ignored).
DEFINE sharedKen /home/linux/ieng6/ee283fa23/public/ee283fa23_hll/shared_buck_project
|
xmelab: *W,DLCPTH (/home/linux/ieng6/oce/6d/h3le/cds.lib,36): cds.lib Invalid path '/home/linux/ieng6/ee283fa23/public/ee283fa23_hll/shared_buck_project' (cds.lib command ignored).
xmelab: *N,INFSUD: -NOSPECIFY is automatically used with -SEQ_UDP_DELAY.
		Caching library 'worklib' ....... Done
		Caching library 'netlist' ....... Done
		Caching library 'tcbn65gplus' ....... Done
	Elaborating the design hierarchy:
core DUT (
       |
xmelab: *W,CUVWSP (./netlist/core_tb.v,69|7): 1 output port was not connected:
xmelab: (./netlist/core.v,40843): sum_out

  DFCND1 cnt_q_reg_0_ ( .D(n81), .CP(clk), .CDN(n12), .QN(n11) );
                    |
xmelab: *W,CUVWSP (./netlist/core.v,2250|20): 1 output port was not connected:
xmelab: (/home/linux/ieng6/ee260bwi25/public/PDKdata/verilog/tcbn65gplus.v,4786): Q

  DFCND1 cnt_q_reg_1_ ( .D(n80), .CP(clk), .CDN(n84), .QN(n74) );
                    |
xmelab: *W,CUVWSP (./netlist/core.v,18582|20): 1 output port was not connected:
xmelab: (/home/linux/ieng6/ee260bwi25/public/PDKdata/verilog/tcbn65gplus.v,4786): Q

  ofifo_col8_bw20 ofifo_inst ( .clk(clk), .in(array_out), .out(pmem_in), .rd(
                           |
xmelab: *W,CUVWSP (./netlist/core.v,40860|27): 2 output ports were not connected:
xmelab: (./netlist/core.v,28112): o_valid
xmelab: (./netlist/core.v,28112): o_full

  fifo_depth16_bw20_simd1_7 col_idx_0__fifo_instance ( .rd_clk(clk), .wr_clk(
                                                   |
xmelab: *W,CUVWSP (./netlist/core.v,28120|51): 2 output ports were not connected:
xmelab: (./netlist/core.v,19280): o_full
xmelab: (./netlist/core.v,19281): o_empty

  EDFCND1 rd_ptr_reg_2_ ( .D(N27), .E(n46), .CP(rd_clk), .CDN(n2), .Q(
                      |
xmelab: *W,CUVWSP (./netlist/core.v,19334|22): 1 output port was not connected:
xmelab: (/home/linux/ieng6/ee260bwi25/public/PDKdata/verilog/tcbn65gplus.v,8476): QN

  fifo_depth16_bw20_simd1_6 col_idx_1__fifo_instance ( .rd_clk(clk), .wr_clk(
                                                   |
xmelab: *W,CUVWSP (./netlist/core.v,28123|51): 2 output ports were not connected:
xmelab: (./netlist/core.v,20452): o_full
xmelab: (./netlist/core.v,20453): o_empty

  EDFCND1 rd_ptr_reg_2_ ( .D(N27), .E(n46), .CP(rd_clk), .CDN(n2), .Q(
                      |
xmelab: *W,CUVWSP (./netlist/core.v,20506|22): 1 output port was not connected:
xmelab: (/home/linux/ieng6/ee260bwi25/public/PDKdata/verilog/tcbn65gplus.v,8476): QN

  fifo_depth16_bw20_simd1_5 col_idx_2__fifo_instance ( .rd_clk(clk), .wr_clk(
                                                   |
xmelab: *W,CUVWSP (./netlist/core.v,28126|51): 2 output ports were not connected:
xmelab: (./netlist/core.v,27495): o_full
xmelab: (./netlist/core.v,27496): o_empty

  EDFCND1 rd_ptr_reg_2_ ( .D(N27), .E(n380), .CP(rd_clk), .CDN(n383), .Q(
                      |
xmelab: *W,CUVWSP (./netlist/core.v,27550|22): 1 output port was not connected:
xmelab: (/home/linux/ieng6/ee260bwi25/public/PDKdata/verilog/tcbn65gplus.v,8476): QN

  fifo_depth16_bw20_simd1_4 col_idx_3__fifo_instance ( .rd_clk(clk), .wr_clk(
                                                   |
xmelab: *W,CUVWSP (./netlist/core.v,28129|51): 2 output ports were not connected:
xmelab: (./netlist/core.v,26322): o_full
xmelab: (./netlist/core.v,26323): o_empty

  EDFCND1 rd_ptr_reg_2_ ( .D(N27), .E(n380), .CP(rd_clk), .CDN(n383), .Q(
                      |
xmelab: *W,CUVWSP (./netlist/core.v,26377|22): 1 output port was not connected:
xmelab: (/home/linux/ieng6/ee260bwi25/public/PDKdata/verilog/tcbn65gplus.v,8476): QN

  fifo_depth16_bw20_simd1_3 col_idx_4__fifo_instance ( .rd_clk(clk), .wr_clk(
                                                   |
xmelab: *W,CUVWSP (./netlist/core.v,28132|51): 2 output ports were not connected:
xmelab: (./netlist/core.v,25149): o_full
xmelab: (./netlist/core.v,25150): o_empty

  EDFCND1 rd_ptr_reg_2_ ( .D(N27), .E(n380), .CP(rd_clk), .CDN(n383), .Q(
                      |
xmelab: *W,CUVWSP (./netlist/core.v,25204|22): 1 output port was not connected:
xmelab: (/home/linux/ieng6/ee260bwi25/public/PDKdata/verilog/tcbn65gplus.v,8476): QN

  fifo_depth16_bw20_simd1_2 col_idx_5__fifo_instance ( .rd_clk(clk), .wr_clk(
                                                   |
xmelab: *W,CUVWSP (./netlist/core.v,28135|51): 2 output ports were not connected:
xmelab: (./netlist/core.v,23976): o_full
xmelab: (./netlist/core.v,23977): o_empty

  EDFCND1 rd_ptr_reg_2_ ( .D(N27), .E(n380), .CP(rd_clk), .CDN(n383), .Q(
                      |
xmelab: *W,CUVWSP (./netlist/core.v,24031|22): 1 output port was not connected:
xmelab: (/home/linux/ieng6/ee260bwi25/public/PDKdata/verilog/tcbn65gplus.v,8476): QN

  fifo_depth16_bw20_simd1_1 col_idx_6__fifo_instance ( .rd_clk(clk), .wr_clk(
                                                   |
xmelab: *W,CUVWSP (./netlist/core.v,28138|51): 2 output ports were not connected:
xmelab: (./netlist/core.v,22803): o_full
xmelab: (./netlist/core.v,22804): o_empty

  EDFCND1 rd_ptr_reg_2_ ( .D(N27), .E(n380), .CP(rd_clk), .CDN(n383), .Q(
                      |
xmelab: *W,CUVWSP (./netlist/core.v,22858|22): 1 output port was not connected:
xmelab: (/home/linux/ieng6/ee260bwi25/public/PDKdata/verilog/tcbn65gplus.v,8476): QN

  fifo_depth16_bw20_simd1_0 col_idx_7__fifo_instance ( .rd_clk(clk), .wr_clk(
                                                   |
xmelab: *W,CUVWSP (./netlist/core.v,28141|51): 2 output ports were not connected:
xmelab: (./netlist/core.v,21630): o_full
xmelab: (./netlist/core.v,21631): o_empty

  EDFCND1 rd_ptr_reg_2_ ( .D(N27), .E(n380), .CP(rd_clk), .CDN(n383), .Q(
                      |
xmelab: *W,CUVWSP (./netlist/core.v,21685|22): 1 output port was not connected:
xmelab: (/home/linux/ieng6/ee260bwi25/public/PDKdata/verilog/tcbn65gplus.v,8476): QN

	Top level design units:
		core_tb
	Building instance overlay tables: .................... Done
	Generating native compiled code:
DEFINE analogLib $CDSHOME/tools/dfII/etc/cdslib/artist/analogLib
|
xmvlog_cg: *W,DLCPTH (/home/linux/ieng6/oce/6d/h3le/cds.lib,5): cds.lib Invalid path '/software/ECE/IC-618/tools/dfII/bin/tools/dfII/etc/cdslib/artist/analogLib' (cds.lib command ignored).
DEFINE basic $CDSHOME/tools/dfII/etc/cdslib/basic
|
xmvlog_cg: *W,DLCPTH (/home/linux/ieng6/oce/6d/h3le/cds.lib,6): cds.lib Invalid path '/software/ECE/IC-618/tools/dfII/bin/tools/dfII/etc/cdslib/basic' (cds.lib command ignored).
DEFINE US_8ths $CDSHOME/tools/dfII/etc/cdslib/sheets/US_8ths
|
xmvlog_cg: *W,DLCPTH (/home/linux/ieng6/oce/6d/h3le/cds.lib,7): cds.lib Invalid path '/software/ECE/IC-618/tools/dfII/bin/tools/dfII/etc/cdslib/sheets/US_8ths' (cds.lib command ignored).
DEFINE sheets $CDSHOME/tools/dfII/etc/cdslib/sheets/US_8ths
|
xmvlog_cg: *W,DLCPTH (/home/linux/ieng6/oce/6d/h3le/cds.lib,8): cds.lib Invalid path '/software/ECE/IC-618/tools/dfII/bin/tools/dfII/etc/cdslib/sheets/US_8ths' (cds.lib command ignored).
DEFINE cdsDefTechLib $CDSHOME/tools/dfII/etc/cdsDefTechLib
|
xmvlog_cg: *W,DLCPTH (/home/linux/ieng6/oce/6d/h3le/cds.lib,9): cds.lib Invalid path '/software/ECE/IC-618/tools/dfII/bin/tools/dfII/etc/cdsDefTechLib' (cds.lib command ignored).
DEFINE ahdlLib $CDSHOME/tools/dfII/samples/artist
|
xmvlog_cg: *W,DLCPTH (/home/linux/ieng6/oce/6d/h3le/cds.lib,10): cds.lib Invalid path '/software/ECE/IC-618/tools/dfII/bin/tools/dfII/samples/artist' (cds.lib command ignored).
ASSIGN gsclib045 COMBINE gsclib045 gsclib045_tech
|
xmvlog_cg: *W,DLCOMB (/home/linux/ieng6/oce/6d/h3le/cds.lib,24): cds.lib COMBINE attribute library not defined 'gsclib045_tech' (cds.lib command ignored).
ASSIGN gsclib045_tech DISPLAY PDKlib
|
xmvlog_cg: *W,DLCLIB (/home/linux/ieng6/oce/6d/h3le/cds.lib,26): cds.lib Library not defined 'gsclib045_tech' (cds.lib command ignored).
DEFINE sharedKen /home/linux/ieng6/ee283fa23/public/ee283fa23_hll/shared_buck_project
|
xmvlog_cg: *W,DLCPTH (/home/linux/ieng6/oce/6d/h3le/cds.lib,36): cds.lib Invalid path '/home/linux/ieng6/ee283fa23/public/ee283fa23_hll/shared_buck_project' (cds.lib command ignored).
		worklib.core_tb:v <0x3e05354b>
			streams:  28, words: 47451
		netlist.fifo_mux_16_1_bw20_simd1_0:v <0x3c5b80e0>
			streams:   0, words:     0
		netlist.fifo_mux_16_1_bw20_simd1_1:v <0x52565382>
			streams:   0, words:     0
		netlist.fifo_mux_16_1_bw20_simd1_2:v <0x691af1d3>
			streams:   0, words:     0
		netlist.fifo_mux_16_1_bw20_simd1_3:v <0x071722b1>
			streams:   0, words:     0
		netlist.fifo_mux_16_1_bw20_simd1_4:v <0x751403a2>
			streams:   0, words:     0
		netlist.fifo_mux_16_1_bw20_simd1_5:v <0x1b19d0c0>
			streams:   0, words:     0
		netlist.fifo_mux_16_1_bw20_simd1_6:v <0x20557291>
			streams:   0, words:     0
		netlist.fifo_mux_16_1_bw20_simd1_7:v <0x4e58a1f3>
			streams:   0, words:     0
		netlist.mac_array_col8_bw8_bw_psum20_pr8:v <0x34c0eb20>
			streams:   0, words:     0
		tcbn65gplus.EDFQD1:v <0x4bcef2c4>
			streams:   0, words:     0
		tcbn65gplus.DFQD1:v <0x7e049845>
			streams:   0, words:     0
		tcbn65gplus.EDFQD1:v <0x2ca3ace8>
			streams:   0, words:     0
		tcbn65gplus.EDFCND1:v <0x2dd2aaee>
			streams:   0, words:     0
		tcbn65gplus.CKXOR2D1:v <0x0499ab43>
			streams:   0, words:     0
		tcbn65gplus.EDFCNQD2:v <0x71e02f50>
			streams:   0, words:     0
		tcbn65gplus.MUX2ND0:v <0x006f8b2a>
			streams:   0, words:     0
		tcbn65gplus.MUX2D0:v <0x4d16f57b>
			streams:   0, words:     0
		tcbn65gplus.DFCND1:v <0x4966d82f>
			streams:   0, words:     0
		tcbn65gplus.DFSNQD1:v <0x5e8f6f07>
			streams:   0, words:     0
		tcbn65gplus.EDFCNQD1:v <0x53781701>
			streams:   0, words:     0
		tcbn65gplus.XOR2D0:v <0x4c9be404>
			streams:   0, words:     0
		tcbn65gplus.FA1D2:v <0x6e21157d>
			streams:   0, words:     0
		tcbn65gplus.XNR2D2:v <0x35d0f0d1>
			streams:   0, words:     0
		tcbn65gplus.HA1D0:v <0x309ba6e5>
			streams:   0, words:     0
		tcbn65gplus.XOR3D0:v <0x0f49be06>
			streams:   0, words:     0
		tcbn65gplus.XNR2D1:v <0x4cd30749>
			streams:   0, words:     0
		tcbn65gplus.XNR2D0:v <0x73b988e2>
			streams:   0, words:     0
		tcbn65gplus.CKXOR2D0:v <0x06345606>
			streams:   0, words:     0
		tcbn65gplus.FA1D1:v <0x0b42909a>
			streams:   0, words:     0
		tcbn65gplus.DFCNQD4:v <0x705062bb>
			streams:   0, words:     0
		tcbn65gplus.DFCNQD2:v <0x42f10262>
			streams:   0, words:     0
		tcbn65gplus.CMPE42D1:v <0x79140818>
			streams:   0, words:     0
		tcbn65gplus.FA1D0:v <0x1eb311f8>
			streams:   0, words:     0
		tcbn65gplus.DFCNQD1:v <0x6eea6967>
			streams:   0, words:     0
	Building instance specific data structures.
	Loading native compiled code:     .................... Done
	Design hierarchy summary:
		                   Instances  Unique
		Modules:               29243     274
		UDPs:                  29264       3
		Primitives:            77197       9
		Registers:             10835      46
		Scalar wires:          19602       -
		Expanded wires:           72       3
		Vectored wires:            1       -
		Initial blocks:           14      14
		Cont. assignments:        11      11
		Pseudo assignments:        3       3
		Simulation timescale:    1ps
	Writing initial simulation snapshot: worklib.core_tb:v
xmelab: Memory Usage - Final: 59.8M, Peak: 68.9M, Peak virtual: 193.1M
xmelab: CPU Usage - 0.1s system + 3.4s user = 3.5s total (3.7s, 94.7% cpu)
DEFINE analogLib $CDSHOME/tools/dfII/etc/cdslib/artist/analogLib
|
xmsim: *W,DLCPTH (/home/linux/ieng6/oce/6d/h3le/cds.lib,5): cds.lib Invalid path '/software/ECE/IC-618/tools/dfII/bin/tools/dfII/etc/cdslib/artist/analogLib' (cds.lib command ignored).
DEFINE basic $CDSHOME/tools/dfII/etc/cdslib/basic
|
xmsim: *W,DLCPTH (/home/linux/ieng6/oce/6d/h3le/cds.lib,6): cds.lib Invalid path '/software/ECE/IC-618/tools/dfII/bin/tools/dfII/etc/cdslib/basic' (cds.lib command ignored).
DEFINE US_8ths $CDSHOME/tools/dfII/etc/cdslib/sheets/US_8ths
|
xmsim: *W,DLCPTH (/home/linux/ieng6/oce/6d/h3le/cds.lib,7): cds.lib Invalid path '/software/ECE/IC-618/tools/dfII/bin/tools/dfII/etc/cdslib/sheets/US_8ths' (cds.lib command ignored).
DEFINE sheets $CDSHOME/tools/dfII/etc/cdslib/sheets/US_8ths
|
xmsim: *W,DLCPTH (/home/linux/ieng6/oce/6d/h3le/cds.lib,8): cds.lib Invalid path '/software/ECE/IC-618/tools/dfII/bin/tools/dfII/etc/cdslib/sheets/US_8ths' (cds.lib command ignored).
DEFINE cdsDefTechLib $CDSHOME/tools/dfII/etc/cdsDefTechLib
|
xmsim: *W,DLCPTH (/home/linux/ieng6/oce/6d/h3le/cds.lib,9): cds.lib Invalid path '/software/ECE/IC-618/tools/dfII/bin/tools/dfII/etc/cdsDefTechLib' (cds.lib command ignored).
DEFINE ahdlLib $CDSHOME/tools/dfII/samples/artist
|
xmsim: *W,DLCPTH (/home/linux/ieng6/oce/6d/h3le/cds.lib,10): cds.lib Invalid path '/software/ECE/IC-618/tools/dfII/bin/tools/dfII/samples/artist' (cds.lib command ignored).
ASSIGN gsclib045 COMBINE gsclib045 gsclib045_tech
|
xmsim: *W,DLCOMB (/home/linux/ieng6/oce/6d/h3le/cds.lib,24): cds.lib COMBINE attribute library not defined 'gsclib045_tech' (cds.lib command ignored).
ASSIGN gsclib045_tech DISPLAY PDKlib
|
xmsim: *W,DLCLIB (/home/linux/ieng6/oce/6d/h3le/cds.lib,26): cds.lib Library not defined 'gsclib045_tech' (cds.lib command ignored).
DEFINE sharedKen /home/linux/ieng6/ee283fa23/public/ee283fa23_hll/shared_buck_project
|
xmsim: *W,DLCPTH (/home/linux/ieng6/oce/6d/h3le/cds.lib,36): cds.lib Invalid path '/home/linux/ieng6/ee283fa23/public/ee283fa23_hll/shared_buck_project' (cds.lib command ignored).

-------------------------------------
Relinquished control to SimVision...
xcelium> 
xcelium> source /software/ECE/XCELIUM-2009/tools/xcelium/files/xmsimrc
xcelium> database -open waves -into waves.shm -default
Created default SHM database waves
xcelium> probe -create -shm core_tb.DUT.mac_array_instance.genblk1_5__mac_col_inst.clk core_tb.DUT.mac_array_instance.genblk1_5__mac_col_inst.cnt_q core_tb.DUT.mac_array_instance.genblk1_5__mac_col_inst.fifo_wr core_tb.DUT.mac_array_instance.genblk1_5__mac_col_inst.i_inst core_tb.DUT.mac_array_instance.genblk1_5__mac_col_inst.key_q core_tb.DUT.mac_array_instance.genblk1_5__mac_col_inst.load_ready_q core_tb.DUT.mac_array_instance.genblk1_5__mac_col_inst.o_inst core_tb.DUT.mac_array_instance.genblk1_5__mac_col_inst.out core_tb.DUT.mac_array_instance.genblk1_5__mac_col_inst.q_in core_tb.DUT.mac_array_instance.genblk1_5__mac_col_inst.q_out core_tb.DUT.mac_array_instance.genblk1_5__mac_col_inst.reset
Created probe 1
xcelium> run
##### Q data txt reading #####
Q vector:           0

Data:          -5

Data:           7

Data:          -5

Data:          -7

Data:          -1

Data:           6

Data:           1

Data:           2

Q vector:           1

Data:          -4

Data:           7

Data:          -2

Data:          -5

Data:          -3

Data:           4

Data:           1

Data:          -3

Q vector:           2

Data:          -4

Data:          -1

Data:          -4

Data:          -4

Data:           0

Data:           5

Data:           2

Data:           0

Q vector:           3

Data:          -3

Data:           3

Data:           6

Data:          -4

Data:           6

Data:           2

Data:           1

Data:           6

Q vector:           4

Data:          -8

Data:           5

Data:          -2

Data:           6

Data:           2

Data:           1

Data:          -3

Data:           4

Q vector:           5

Data:          -2

Data:          -1

Data:          -2

Data:          -6

Data:          -1

Data:           4

Data:           0

Data:           2

Q vector:           6

Data:           5

Data:          -7

Data:          -1

Data:           3

Data:           2

Data:           1

Data:          -7

Data:           6

Q vector:           7

Data:           5

Data:          -8

Data:          -3

Data:           6

Data:           0

Data:          -2

Data:           6

Data:          -1

##### K data txt reading #####
K vector:           0

Data:          -6

Data:           3

Data:          -2

Data:          -1

Data:          -5

Data:           1

Data:           0

Data:           7

K vector:           1

Data:           0

Data:          -5

Data:          -8

Data:           0

Data:           6

Data:           0

Data:          -5

Data:          -7

K vector:           2

Data:           4

Data:          -7

Data:          -6

Data:           3

Data:           7

Data:           7

Data:           6

Data:           6

K vector:           3

Data:          -3

Data:           0

Data:           0

Data:          -7

Data:           6

Data:           3

Data:           4

Data:           7

K vector:           4

Data:           6

Data:          -3

Data:           4

Data:          -7

Data:          -4

Data:          -3

Data:          -2

Data:          -5

K vector:           5

Data:           0

Data:          -7

Data:           3

Data:           3

Data:          -2

Data:           6

Data:           4

Data:          -1

K vector:           6

Data:           7

Data:          -5

Data:           2

Data:           1

Data:           3

Data:           6

Data:           1

Data:          -5

K vector:           7

Data:           3

Data:          -1

Data:           6

Data:           3

Data:          -6

Data:          -2

Data:           1

Data:          -4

##### Estimated multiplication result #####
Q#:           0
K#:           0
Predicted psum:          93
K#:           1
Predicted psum:         -20
K#:           2
Predicted psum:          -7
K#:           3
Predicted psum:          94
K#:           4
Predicted psum:         -48
K#:           5
Predicted psum:         -45
K#:           6
Predicted psum:         -63
K#:           7
Predicted psum:         -86
Predicted psum vector: fffaafffc1fffd3fffd00005effff9fffec0005d
Q#:           1
K#:           0
Predicted psum:          52
K#:           1
Predicted psum:         -21
K#:           2
Predicted psum:         -73
K#:           3
Predicted psum:          24
K#:           4
Predicted psum:          -5
K#:           5
Predicted psum:         -33
K#:           6
Predicted psum:         -41
K#:           7
Predicted psum:         -23
Predicted psum vector: fffe9fffd7fffdfffffb00018fffb7fffeb00034
Q#:           2
K#:           0
Predicted psum:          38
K#:           1
Predicted psum:          27
K#:           2
Predicted psum:          50
K#:           3
Predicted psum:          63
K#:           4
Predicted psum:         -28
K#:           5
Predicted psum:          21
K#:           6
Predicted psum:          -3
K#:           7
Predicted psum:         -55
Predicted psum vector: fffc9ffffd00015fffe40003f000320001b00026
Q#:           3
K#:           0
Predicted psum:          33
K#:           1
Predicted psum:         -74
K#:           2
Predicted psum:          17
K#:           3
Predicted psum:         125
K#:           4
Predicted psum:         -37
K#:           5
Predicted psum:         -17
K#:           6
Predicted psum:         -27
K#:           7
Predicted psum:         -51
Predicted psum vector: fffcdfffe5fffeffffdb0007d00011fffb600021
Q#:           4
K#:           0
Predicted psum:          80
K#:           1
Predicted psum:         -10
K#:           2
Predicted psum:         -10
K#:           3
Predicted psum:          13
K#:           4
Predicted psum:        -138
K#:           5
Predicted psum:         -37
K#:           6
Predicted psum:         -90
K#:           7
Predicted psum:         -56
Predicted psum vector: fffc8fffa6fffdbfff760000dffff6ffff600050
Q#:           5
K#:           0
Predicted psum:          42
K#:           1
Predicted psum:           1
K#:           2
Predicted psum:          26
K#:           3
Predicted psum:          68
K#:           4
Predicted psum:           7
K#:           5
Predicted psum:           7
K#:           6
Predicted psum:          -8
K#:           7
Predicted psum:         -45
Predicted psum vector: fffd3ffff80000700007000440001a000010002a
Q#:           6
K#:           0
Predicted psum:         -19
K#:           1
Predicted psum:          48
K#:           2
Predicted psum:          99
K#:           3
Predicted psum:          -7
K#:           4
Predicted psum:          -1
K#:           5
Predicted psum:          23
K#:           6
Predicted psum:          46
K#:           7
Predicted psum:         -20
Predicted psum vector: fffec0002e00017fffffffff90006300030fffed
Q#:           7
K#:           0
Predicted psum:         -63
K#:           1
Predicted psum:          41
K#:           2
Predicted psum:         128
K#:           3
Predicted psum:         -46
K#:           4
Predicted psum:          -1
K#:           5
Predicted psum:          78
K#:           6
Predicted psum:          74
K#:           7
Predicted psum:          37
Predicted psum vector: 000250004a0004effffffffd20008000029fffc1
##### Qmem writing  #####
##### Kmem writing #####
##### K data loading to processor #####
##### execute #####
##### move ofifo to pmem #####
##### compare pmem results to predicted #####
Pmem result at address          0: fffaafffc1fffd3fffd00005effff9fffec0005d
Result matched predicted!
Pmem result at address          1: fffe9fffd7fffdfffffb00018fffb7fffeb00034
Result matched predicted!
Pmem result at address          2: fffc9ffffd00015fffe40003f000320001b00026
Result matched predicted!
Pmem result at address          3: fffcdfffe5fffeffffdb0007d00011fffb600021
Result matched predicted!
Pmem result at address          4: fffc8fffa6fffdbfff760000dffff6ffff600050
Result matched predicted!
Pmem result at address          5: fffd3ffff80000700007000440001a000010002a
Result matched predicted!
Pmem result at address          6: fffec0002e00017fffffffff90006300030fffed
Result matched predicted!
Pmem result at address          7: 000250004a0004effffffffd20008000029fffc1
Result matched predicted!
Simulation complete via $finish(1) at time 94 NS + 0
./netlist/core_tb.v:357 #10 $finish;
xcelium> ^C
xcelium> exit
xmsim: Memory Usage - Final: 141.9M, Peak: 148.9M, Peak virtual: 613.7M
xmsim: Main Thread CPU Usage - 2.1s system + 2.4s user = 4.5s total
xmsim: CPU Usage - 2.1s system + 2.1s user = 4.2s total (132.7s, 3.1% cpu)
TOOL:	xrun(64)	20.09-s017: Exiting on Mar 22, 2025 at 12:31:55 PDT  (total: 00:02:19)
