*----------------------------------------------------------------------------------------
*	Innovus 15.23-s045_1 (64bit) 04/22/2016 12:32 (Linux 2.6.18-194.el5)
*	
*
* 	Date & Time:	2025-Mar-23 00:26:45 (2025-Mar-23 07:26:45 GMT)
*
*----------------------------------------------------------------------------------------
*
*	Design: dual_core
*
*	Liberty Libraries used: 
*	        WC_VIEW: /home/linux/ieng6/ee260bwi25/public/PDKdata/lib/tcbn65gpluswc.lib
*	        WC_VIEW: ../core_pnr/core_WC.lib
*
*	Power Domain used: 
*		Rail:        VDD 	Voltage:        0.9 
*
*       Power View : WC_VIEW
*
*       User-Defined Activity : N.A.
*
*       Activity File: N.A.
*
*       Hierarchical Global Activity: N.A.
*
*       Global Activity: N.A.
*
*       Sequential Element Activity: 0.200000
*
*       Primary Input Activity: 0.200000
*
*       Default icg ratio: N.A.
*
*       Global Comb ClockGate Ratio: N.A.
*
*	Power Units = 1mW
*
*	Time Units = 1e-09 secs 
*
*       report_power -outfile dual_core.post_route.power.rpt
*
-----------------------------------------------------------------------------------------


Total Power 
-----------------------------------------------------------------------------------------
Total Internal Power:        1.94279809 	    5.2305%
Total Switching Power:      11.26644077 	   30.3323%
Total Leakage Power:        23.93415121 	   64.4372%
Total Power:                37.14339002 
-----------------------------------------------------------------------------------------


Group                           Internal   Switching     Leakage       Total  Percentage 
                                Power      Power         Power         Power  (%)        
-----------------------------------------------------------------------------------------
Sequential                       0.02905    0.007021   0.0002193     0.03629     0.09771 
Macro                                  0           0       23.83       23.83       64.17 
IO                                     0           0           0           0           0 
Combinational                      1.524       10.44     0.09724       12.06       32.47 
Clock (Combinational)             0.3897      0.8192    0.002611       1.211       3.262 
Clock (Sequential)                     0           0           0           0           0 
-----------------------------------------------------------------------------------------
Total                              1.943       11.27       23.93       37.14         100 
-----------------------------------------------------------------------------------------


Rail                  Voltage   Internal   Switching     Leakage       Total  Percentage 
                                Power      Power         Power         Power  (%)        
-----------------------------------------------------------------------------------------
VDD                       0.9      1.943       11.27       23.93       37.14         100 


Clock                           Internal   Switching     Leakage       Total  Percentage 
                                Power      Power         Power         Power  (%)        
-----------------------------------------------------------------------------------------
clk                               0.3897      0.8192    0.002611       1.211       3.262 
-----------------------------------------------------------------------------------------
Total (excluding duplicates)      0.3897      0.8192    0.002611       1.211       3.262 
-----------------------------------------------------------------------------------------


-----------------------------------------------------------------------------------------
*	Power Distribution Summary: 
* 		Highest Average Power:                     core1 (core): 	     2.344 
* 		Highest Leakage Power: FE_OFC520_sum_in_core2_20_ (BUFFD16): 	 0.0002476 
* 		Total Cap: 	1.24019e-10 F
* 		Total instances in design: 153058
* 		Total instances in design with no power:     0
*          Total instances in design with no activity:     0
* 		Total Fillers and Decap: 150966
-----------------------------------------------------------------------------------------

