*----------------------------------------------------------------------------------------
*	Innovus 15.23-s045_1 (64bit) 04/22/2016 12:32 (Linux 2.6.18-194.el5)
*	
*
* 	Date & Time:	2025-Mar-22 14:54:50 (2025-Mar-22 21:54:50 GMT)
*
*----------------------------------------------------------------------------------------
*
*	Design: core
*
*	Liberty Libraries used: 
*	        WC_VIEW: /home/linux/ieng6/ee260bwi25/public/PDKdata/lib/tcbn65gpluswc.lib
*	        WC_VIEW: ../sram_pnr/sram_w16_WC.lib
*
*	Power Domain used: 
*		Rail:        VDD 	Voltage:        0.9 
*
*       Power View : WC_VIEW
*
*       User-Defined Activity : N.A.
*
*       Activity File: N.A.
*
*       Hierarchical Global Activity: N.A.
*
*       Global Activity: N.A.
*
*       Sequential Element Activity: 0.200000
*
*       Primary Input Activity: 0.200000
*
*       Default icg ratio: N.A.
*
*       Global Comb ClockGate Ratio: N.A.
*
*	Power Units = 1mW
*
*	Time Units = 1e-09 secs 
*
*       report_power -outfile core.post_route.power.rpt
*
-----------------------------------------------------------------------------------------


Total Power 
-----------------------------------------------------------------------------------------
Total Internal Power:       63.58483097 	   63.4078%
Total Switching Power:      32.33438575 	   32.2443%
Total Leakage Power:         4.36003609 	    4.3479%
Total Power:               100.27925295 
-----------------------------------------------------------------------------------------


Group                           Internal   Switching     Leakage       Total  Percentage 
                                Power      Power         Power         Power  (%)        
-----------------------------------------------------------------------------------------
Sequential                         39.74       2.659      0.2955        42.7       42.58 
Macro                                  0      0.6901       3.352       4.042        4.03 
IO                                     0           0           0           0           0 
Combinational                         20       20.91      0.6872       41.59       41.48 
Clock (Combinational)              3.844       8.077     0.02575       11.95       11.91 
Clock (Sequential)                     0           0           0           0           0 
-----------------------------------------------------------------------------------------
Total                              63.58       32.33        4.36       100.3         100 
-----------------------------------------------------------------------------------------


Rail                  Voltage   Internal   Switching     Leakage       Total  Percentage 
                                Power      Power         Power         Power  (%)        
-----------------------------------------------------------------------------------------
VDD                       0.9      63.58       32.33        4.36       100.3         100 


Clock                           Internal   Switching     Leakage       Total  Percentage 
                                Power      Power         Power         Power  (%)        
-----------------------------------------------------------------------------------------
clk                                3.844       8.077     0.02575       11.95       11.91 
-----------------------------------------------------------------------------------------
Total (excluding duplicates)       3.844       8.077     0.02575       11.95       11.91 
-----------------------------------------------------------------------------------------


-----------------------------------------------------------------------------------------
*	Power Distribution Summary: 
* 		Highest Average Power:         psum_mem_instance (sram_w16): 	    0.4562 
* 		Highest Leakage Power: mac_array_instance/genblk1_2__mac_col_inst/mac_8in_instance/U926 (FA1D4): 	 0.0002647 
* 		Total Cap: 	1.97553e-10 F
* 		Total instances in design: 72551
* 		Total instances in design with no power:     0
*          Total instances in design with no activity:     0
* 		Total Fillers and Decap: 43859
-----------------------------------------------------------------------------------------

