*----------------------------------------------------------------------------------------
*	Innovus 15.23-s045_1 (64bit) 04/22/2016 12:32 (Linux 2.6.18-194.el5)
*	
*
* 	Date & Time:	2025-Feb-16 19:53:55 (2025-Feb-17 03:53:55 GMT)
*
*----------------------------------------------------------------------------------------
*
*	Design: add
*
*	Liberty Libraries used: 
*	        WC_VIEW: /home/linux/ieng6/ee260bwi25/public/PDKdata/lib/tcbn65gpluswc.lib
*
*	Power Domain used: 
*		Rail:        VDD 	Voltage:        0.9 
*
*       Power View : WC_VIEW
*
*       User-Defined Activity : N.A.
*
*       Activity File: N.A.
*
*       Hierarchical Global Activity: N.A.
*
*       Global Activity: N.A.
*
*       Sequential Element Activity: 0.200000
*
*       Primary Input Activity: 0.200000
*
*       Default icg ratio: N.A.
*
*       Global Comb ClockGate Ratio: N.A.
*
*	Power Units = 1mW
*
*	Time Units = 1e-09 secs 
*
*       report_power -outfile add.post_route.power.rpt
*
-----------------------------------------------------------------------------------------


Total Power 
-----------------------------------------------------------------------------------------
Total Internal Power:        0.12433590 	   93.5368%
Total Switching Power:       0.00613979 	    4.6189%
Total Leakage Power:         0.00245160 	    1.8443%
Total Power:                 0.13292730 
-----------------------------------------------------------------------------------------


Group                           Internal   Switching     Leakage       Total  Percentage 
                                Power      Power         Power         Power  (%)        
-----------------------------------------------------------------------------------------
Sequential                        0.1113    0.002429   0.0009378      0.1146       86.24 
Macro                                  0           0   0.0008061   0.0008061      0.6064 
IO                                     0           0           0           0           0 
Combinational                    0.01307    0.003711   0.0007076     0.01749       13.16 
Clock (Combinational)                  0           0           0           0           0 
Clock (Sequential)                     0           0           0           0           0 
-----------------------------------------------------------------------------------------
Total                             0.1243     0.00614    0.002452      0.1329         100 
-----------------------------------------------------------------------------------------


Rail                  Voltage   Internal   Switching     Leakage       Total  Percentage 
                                Power      Power         Power         Power  (%)        
-----------------------------------------------------------------------------------------
VDD                       0.9     0.1243     0.00614    0.002452      0.1329         100 


-----------------------------------------------------------------------------------------
*	Power Distribution Summary: 
* 		Highest Average Power:                out_reg_4_ (DFQD1): 	  0.006756 
* 		Highest Leakage Power:               intadd_0_U3 (FA1D0): 	 0.0001114 
* 		Total Cap: 	7.42303e-14 F
* 		Total instances in design:   112
* 		Total instances in design with no power:     0
*          Total instances in design with no activity:     0
* 		Total Fillers and Decap:    84
-----------------------------------------------------------------------------------------

