###############################################################
#  Generated by:      Cadence Innovus 15.23-s045_1
#  OS:                Linux x86_64(Host ID ieng6-ece-09.ucsd.edu)
#  Generated on:      Sun Mar 23 00:26:38 2025
#  Design:            dual_core
#  Command:           report_timing -max_paths 5 > ${design}.post_route.timing.rpt
###############################################################
Path 1: VIOLATED Late External Delay Assertion 
Endpoint:   out_core1[50] (^) checked with  leading edge of 'clk'
Beginpoint: core1/out[50] (^) triggered by  leading edge of 'clk'
Path Groups: {clk}
Analysis View: WC_VIEW
Other End Arrival Time          0.000
- External Delay                0.200
+ Phase Shift                   1.000
+ CPPR Adjustment               0.000
= Required Time                 0.800
- Arrival Time                  3.152
= Slack Time                   -2.352
     Clock Rise Edge                 0.000
     + Clock Network Latency (Prop)  0.589
     = Beginpoint Arrival Time       0.589
     +--------------------------------------------------------------------------------------+ 
     |         Instance         |        Arc         |  Cell   | Delay | Arrival | Required | 
     |                          |                    |         |       |  Time   |   Time   | 
     |--------------------------+--------------------+---------+-------+---------+----------| 
     | core1                    | clk ^              |         |       |   0.589 |   -1.762 | 
     | core1                    | clk ^ -> out[50] ^ | core    | 2.355 |   2.944 |    0.592 | 
     | FE_PSC2639_out_core1_50_ | I ^ -> Z ^         | BUFFD16 | 0.165 |   3.110 |    0.758 | 
     |                          | out_core1[50] ^    |         | 0.042 |   3.152 |    0.800 | 
     +--------------------------------------------------------------------------------------+ 
Path 2: VIOLATED Late External Delay Assertion 
Endpoint:   out_core1[46] (^) checked with  leading edge of 'clk'
Beginpoint: core1/out[46] (^) triggered by  leading edge of 'clk'
Path Groups: {clk}
Analysis View: WC_VIEW
Other End Arrival Time          0.000
- External Delay                0.200
+ Phase Shift                   1.000
+ CPPR Adjustment               0.000
= Required Time                 0.800
- Arrival Time                  3.148
= Slack Time                   -2.348
     Clock Rise Edge                 0.000
     + Clock Network Latency (Prop)  0.589
     = Beginpoint Arrival Time       0.589
     +--------------------------------------------------------------------------------------+ 
     |         Instance         |        Arc         |  Cell   | Delay | Arrival | Required | 
     |                          |                    |         |       |  Time   |   Time   | 
     |--------------------------+--------------------+---------+-------+---------+----------| 
     | core1                    | clk ^              |         |       |   0.589 |   -1.759 | 
     | core1                    | clk ^ -> out[46] ^ | core    | 2.367 |   2.957 |    0.608 | 
     | FE_PSC2643_out_core1_46_ | I ^ -> Z ^         | BUFFD16 | 0.141 |   3.098 |    0.749 | 
     |                          | out_core1[46] ^    |         | 0.051 |   3.148 |    0.800 | 
     +--------------------------------------------------------------------------------------+ 
Path 3: VIOLATED Late External Delay Assertion 
Endpoint:   out_core1[44] (^) checked with  leading edge of 'clk'
Beginpoint: core1/out[44] (^) triggered by  leading edge of 'clk'
Path Groups: {clk}
Analysis View: WC_VIEW
Other End Arrival Time          0.000
- External Delay                0.200
+ Phase Shift                   1.000
+ CPPR Adjustment               0.000
= Required Time                 0.800
- Arrival Time                  3.143
= Slack Time                   -2.343
     Clock Rise Edge                 0.000
     + Clock Network Latency (Prop)  0.589
     = Beginpoint Arrival Time       0.589
     +--------------------------------------------------------------------------------------+ 
     |         Instance         |        Arc         |  Cell   | Delay | Arrival | Required | 
     |                          |                    |         |       |  Time   |   Time   | 
     |--------------------------+--------------------+---------+-------+---------+----------| 
     | core1                    | clk ^              |         |       |   0.589 |   -1.753 | 
     | core1                    | clk ^ -> out[44] ^ | core    | 2.366 |   2.955 |    0.613 | 
     | FE_PSC2645_out_core1_44_ | I ^ -> Z ^         | BUFFD16 | 0.137 |   3.092 |    0.749 | 
     |                          | out_core1[44] ^    |         | 0.051 |   3.143 |    0.800 | 
     +--------------------------------------------------------------------------------------+ 
Path 4: VIOLATED Late External Delay Assertion 
Endpoint:   out_core2[14] (^) checked with  leading edge of 'clk'
Beginpoint: core2/out[14] (^) triggered by  leading edge of 'clk'
Path Groups: {clk}
Analysis View: WC_VIEW
Other End Arrival Time          0.000
- External Delay                0.200
+ Phase Shift                   1.000
+ CPPR Adjustment               0.000
= Required Time                 0.800
- Arrival Time                  3.136
= Slack Time                   -2.336
     Clock Rise Edge                 0.000
     + Clock Network Latency (Prop)  0.579
     = Beginpoint Arrival Time       0.579
     +--------------------------------------------------------------------------------------+ 
     |         Instance         |        Arc         |  Cell   | Delay | Arrival | Required | 
     |                          |                    |         |       |  Time   |   Time   | 
     |--------------------------+--------------------+---------+-------+---------+----------| 
     | core2                    | clk ^              |         |       |   0.579 |   -1.757 | 
     | core2                    | clk ^ -> out[14] ^ | core    | 2.361 |   2.940 |    0.603 | 
     | FE_OCPC588_out_core2_14_ | I ^ -> Z ^         | BUFFD16 | 0.086 |   3.026 |    0.690 | 
     |                          | out_core2[14] ^    |         | 0.110 |   3.136 |    0.800 | 
     +--------------------------------------------------------------------------------------+ 
Path 5: VIOLATED Late External Delay Assertion 
Endpoint:   out_core1[6] (^) checked with  leading edge of 'clk'
Beginpoint: core1/out[6] (^) triggered by  leading edge of 'clk'
Path Groups: {clk}
Analysis View: WC_VIEW
Other End Arrival Time          0.000
- External Delay                0.200
+ Phase Shift                   1.000
+ CPPR Adjustment               0.000
= Required Time                 0.800
- Arrival Time                  3.134
= Slack Time                   -2.334
     Clock Rise Edge                 0.000
     + Clock Network Latency (Prop)  0.589
     = Beginpoint Arrival Time       0.589
     +------------------------------------------------------------------+ 
     | Instance |        Arc        | Cell | Delay | Arrival | Required | 
     |          |                   |      |       |  Time   |   Time   | 
     |----------+-------------------+------+-------+---------+----------| 
     | core1    | clk ^             |      |       |   0.589 |   -1.744 | 
     | core1    | clk ^ -> out[6] ^ | core | 2.385 |   2.974 |    0.641 | 
     |          | out_core1[6] ^    |      | 0.159 |   3.134 |    0.800 | 
     +------------------------------------------------------------------+ 

