*----------------------------------------------------------------------------------------
*	Innovus 15.23-s045_1 (64bit) 04/22/2016 12:32 (Linux 2.6.18-194.el5)
*	
*
* 	Date & Time:	2025-Mar-21 21:15:32 (2025-Mar-22 04:15:32 GMT)
*
*----------------------------------------------------------------------------------------
*
*	Design: sram_w16
*
*	Liberty Libraries used: 
*	        WC_VIEW: /home/linux/ieng6/ee260bwi25/public/PDKdata/lib/tcbn65gpluswc.lib
*
*	Power Domain used: 
*		Rail:        VDD 	Voltage:        0.9 
*
*       Power View : WC_VIEW
*
*       User-Defined Activity : N.A.
*
*       Activity File: N.A.
*
*       Hierarchical Global Activity: N.A.
*
*       Global Activity: N.A.
*
*       Sequential Element Activity: 0.200000
*
*       Primary Input Activity: 0.200000
*
*       Default icg ratio: N.A.
*
*       Global Comb ClockGate Ratio: N.A.
*
*	Power Units = 1mW
*
*	Time Units = 1e-09 secs 
*
*       report_power -outfile sram_w16.post_route.power.rpt
*
-----------------------------------------------------------------------------------------


Total Power 
-----------------------------------------------------------------------------------------
Total Internal Power:       17.63126080 	   80.0457%
Total Switching Power:       4.10043620 	   18.6159%
Total Leakage Power:         0.29480486 	    1.3384%
Total Power:                22.02650209 
-----------------------------------------------------------------------------------------


Group                           Internal   Switching     Leakage       Total  Percentage 
                                Power      Power         Power         Power  (%)        
-----------------------------------------------------------------------------------------
Sequential                         16.46      0.4398      0.1252       17.03        77.3 
Macro                                  0           0      0.1408      0.1408      0.6393 
IO                                     0           0           0           0           0 
Combinational                     0.2345      0.6098     0.02262      0.8669       3.936 
Clock (Combinational)             0.9359       3.051    0.006141       3.993       18.13 
Clock (Sequential)                     0           0           0           0           0 
-----------------------------------------------------------------------------------------
Total                              17.63         4.1      0.2948       22.03         100 
-----------------------------------------------------------------------------------------


Rail                  Voltage   Internal   Switching     Leakage       Total  Percentage 
                                Power      Power         Power         Power  (%)        
-----------------------------------------------------------------------------------------
VDD                       0.9      17.63         4.1      0.2948       22.03         100 


Clock                           Internal   Switching     Leakage       Total  Percentage 
                                Power      Power         Power         Power  (%)        
-----------------------------------------------------------------------------------------
clk                               0.9359       3.051    0.006141       3.993       18.13 
-----------------------------------------------------------------------------------------
Total (excluding duplicates)      0.9359       3.051    0.006141       3.993       18.13 
-----------------------------------------------------------------------------------------


-----------------------------------------------------------------------------------------
*	Power Distribution Summary: 
* 		Highest Average Power:  CTS_ccl_BUF_clk_G0_L2_26 (CKBD16): 	    0.1508 
* 		Highest Leakage Power:            FE_OFC83_n2656 (BUFFD16): 	 0.0002562 
* 		Total Cap: 	2.68154e-11 F
* 		Total instances in design: 12053
* 		Total instances in design with no power:     0
*          Total instances in design with no activity:     0
* 		Total Fillers and Decap:  8172
-----------------------------------------------------------------------------------------

