###############################################################
#  Generated by:      Cadence Innovus 15.23-s045_1
#  OS:                Linux x86_64(Host ID ieng6-ece-09.ucsd.edu)
#  Generated on:      Sat Mar 22 14:54:25 2025
#  Design:            core
#  Command:           report_timing -max_paths 5 > ${design}.post_route.timing.rpt
###############################################################
Path 1: VIOLATED Late External Delay Assertion 
Endpoint:   out[96]                 (^) checked with  leading edge of 'clk'
Beginpoint: psum_mem_instance/Q[96] (^) triggered by  leading edge of 'clk'
Path Groups: {clk}
Analysis View: WC_VIEW
Other End Arrival Time          0.000
- External Delay                0.200
+ Phase Shift                   1.000
+ CPPR Adjustment               0.000
= Required Time                 0.800
- Arrival Time                  0.941
= Slack Time                   -0.141
     Clock Rise Edge                 0.000
     + Clock Network Latency (Prop)  0.338
     = Beginpoint Arrival Time       0.338
     +-----------------------------------------------------------------------------------------+ 
     |           Instance           |       Arc        |   Cell   | Delay | Arrival | Required | 
     |                              |                  |          |       |  Time   |   Time   | 
     |------------------------------+------------------+----------+-------+---------+----------| 
     | psum_mem_instance            | CLK ^            |          |       |   0.338 |    0.197 | 
     | psum_mem_instance            | CLK ^ -> Q[96] ^ | sram_w16 | 0.501 |   0.839 |    0.698 | 
     | FE_OCPC2922_FE_OFN45_out_96_ | I ^ -> Z ^       | BUFFD8   | 0.101 |   0.940 |    0.799 | 
     |                              | out[96] ^        |          | 0.001 |   0.941 |    0.800 | 
     +-----------------------------------------------------------------------------------------+ 
Path 2: VIOLATED Late External Delay Assertion 
Endpoint:   out[20]                 (^) checked with  leading edge of 'clk'
Beginpoint: psum_mem_instance/Q[20] (^) triggered by  leading edge of 'clk'
Path Groups: {clk}
Analysis View: WC_VIEW
Other End Arrival Time          0.000
- External Delay                0.200
+ Phase Shift                   1.000
+ CPPR Adjustment               0.000
= Required Time                 0.800
- Arrival Time                  0.920
= Slack Time                   -0.120
     Clock Rise Edge                 0.000
     + Clock Network Latency (Prop)  0.338
     = Beginpoint Arrival Time       0.338
     +------------------------------------------------------------------------------+ 
     |     Instance      |       Arc        |   Cell   | Delay | Arrival | Required | 
     |                   |                  |          |       |  Time   |   Time   | 
     |-------------------+------------------+----------+-------+---------+----------| 
     | psum_mem_instance | CLK ^            |          |       |   0.338 |    0.218 | 
     | psum_mem_instance | CLK ^ -> Q[20] ^ | sram_w16 | 0.475 |   0.813 |    0.693 | 
     | FE_OFC80_out_20_  | I ^ -> Z ^       | BUFFD12  | 0.101 |   0.915 |    0.794 | 
     |                   | out[20] ^        |          | 0.006 |   0.920 |    0.800 | 
     +------------------------------------------------------------------------------+ 
Path 3: VIOLATED Late External Delay Assertion 
Endpoint:   out[13]                 (^) checked with  leading edge of 'clk'
Beginpoint: psum_mem_instance/Q[13] (^) triggered by  leading edge of 'clk'
Path Groups: {clk}
Analysis View: WC_VIEW
Other End Arrival Time          0.000
- External Delay                0.200
+ Phase Shift                   1.000
+ CPPR Adjustment               0.000
= Required Time                 0.800
- Arrival Time                  0.918
= Slack Time                   -0.118
     Clock Rise Edge                 0.000
     + Clock Network Latency (Prop)  0.338
     = Beginpoint Arrival Time       0.338
     +------------------------------------------------------------------------------+ 
     |     Instance      |       Arc        |   Cell   | Delay | Arrival | Required | 
     |                   |                  |          |       |  Time   |   Time   | 
     |-------------------+------------------+----------+-------+---------+----------| 
     | psum_mem_instance | CLK ^            |          |       |   0.338 |    0.220 | 
     | psum_mem_instance | CLK ^ -> Q[13] ^ | sram_w16 | 0.471 |   0.809 |    0.691 | 
     | FE_OFC92_out_13_  | I ^ -> Z ^       | BUFFD8   | 0.101 |   0.911 |    0.793 | 
     |                   | out[13] ^        |          | 0.007 |   0.918 |    0.800 | 
     +------------------------------------------------------------------------------+ 
Path 4: VIOLATED Late External Delay Assertion 
Endpoint:   out[15]                 (^) checked with  leading edge of 'clk'
Beginpoint: psum_mem_instance/Q[15] (^) triggered by  leading edge of 'clk'
Path Groups: {clk}
Analysis View: WC_VIEW
Other End Arrival Time          0.000
- External Delay                0.200
+ Phase Shift                   1.000
+ CPPR Adjustment               0.000
= Required Time                 0.800
- Arrival Time                  0.916
= Slack Time                   -0.116
     Clock Rise Edge                 0.000
     + Clock Network Latency (Prop)  0.338
     = Beginpoint Arrival Time       0.338
     +------------------------------------------------------------------------------+ 
     |     Instance      |       Arc        |   Cell   | Delay | Arrival | Required | 
     |                   |                  |          |       |  Time   |   Time   | 
     |-------------------+------------------+----------+-------+---------+----------| 
     | psum_mem_instance | CLK ^            |          |       |   0.338 |    0.222 | 
     | psum_mem_instance | CLK ^ -> Q[15] ^ | sram_w16 | 0.470 |   0.809 |    0.692 | 
     | FE_OFC88_out_15_  | I ^ -> Z ^       | BUFFD8   | 0.101 |   0.909 |    0.793 | 
     |                   | out[15] ^        |          | 0.007 |   0.916 |    0.800 | 
     +------------------------------------------------------------------------------+ 
Path 5: VIOLATED Late External Delay Assertion 
Endpoint:   out[19]                 (^) checked with  leading edge of 'clk'
Beginpoint: psum_mem_instance/Q[19] (^) triggered by  leading edge of 'clk'
Path Groups: {clk}
Analysis View: WC_VIEW
Other End Arrival Time          0.000
- External Delay                0.200
+ Phase Shift                   1.000
+ CPPR Adjustment               0.000
= Required Time                 0.800
- Arrival Time                  0.914
= Slack Time                   -0.113
     Clock Rise Edge                 0.000
     + Clock Network Latency (Prop)  0.338
     = Beginpoint Arrival Time       0.338
     +------------------------------------------------------------------------------+ 
     |     Instance      |       Arc        |   Cell   | Delay | Arrival | Required | 
     |                   |                  |          |       |  Time   |   Time   | 
     |-------------------+------------------+----------+-------+---------+----------| 
     | psum_mem_instance | CLK ^            |          |       |   0.338 |    0.225 | 
     | psum_mem_instance | CLK ^ -> Q[19] ^ | sram_w16 | 0.464 |   0.802 |    0.688 | 
     | FE_OFC82_out_19_  | I ^ -> Z ^       | BUFFD8   | 0.103 |   0.905 |    0.791 | 
     |                   | out[19] ^        |          | 0.009 |   0.914 |    0.800 | 
     +------------------------------------------------------------------------------+ 

