###############################################################
#  Generated by:      Cadence Innovus 15.23-s045_1
#  OS:                Linux x86_64(Host ID ieng6-ece-09.ucsd.edu)
#  Generated on:      Sat Mar 22 16:26:22 2025
#  Design:            core
#  Command:           verify_geometry
###############################################################

SHORT: Regular Via of Net mac_array_instance/genblk1_2__mac_col_inst/mac_8in_instance/FE_RN_798_0 & Blockage of Cell mac_array_instance/genblk1_2__mac_col_inst/mac_8in_instance/FE_RC_4974_0  ( M1 )
Bounds : ( 866.810, 148.400 ) ( 866.990, 148.500 )


SHORT: Regular Via of Net mac_array_instance/genblk1_0__mac_col_inst/mac_8in_instance/n1985 & Blockage of Cell mac_array_instance/genblk1_0__mac_col_inst/mac_8in_instance/U2070  ( M1 )
Bounds : ( 865.610, 462.700 ) ( 865.790, 462.800 )


SHORT: Regular Via of Net mac_array_instance/genblk1_1__mac_col_inst/mac_8in_instance/n2046 & Blockage of Cell mac_array_instance/genblk1_1__mac_col_inst/mac_8in_instance/U2086  ( M1 )
Bounds : ( 866.210, 357.200 ) ( 866.390, 357.300 )


SHORT: Regular Via of Net mac_array_instance/genblk1_2__mac_col_inst/mac_8in_instance/n102 & Blockage of Cell mac_array_instance/genblk1_2__mac_col_inst/mac_8in_instance/FE_RC_3459_0  ( M1 )
Bounds : ( 775.610, 405.100 ) ( 775.790, 405.200 )


SHORT: Regular Via of Net mac_array_instance/genblk1_4__mac_col_inst/mac_8in_instance/FE_RN_23 & Blockage of Cell mac_array_instance/genblk1_4__mac_col_inst/mac_8in_instance/FE_RC_4872_0_dup  ( M1 )
Bounds : ( 884.810, 491.500 ) ( 884.990, 491.600 )


SHORT: Regular Via of Net mac_array_instance/genblk1_4__mac_col_inst/mac_8in_instance/n1488 & Blockage of Cell mac_array_instance/genblk1_4__mac_col_inst/mac_8in_instance/U46  ( M1 )
Bounds : ( 974.810, 477.100 ) ( 974.990, 477.200 )



Begin Summary ...
  Cells       : 0
  SameNet     : 0
  Wiring      : 0
  Antenna     : 0
  Short       : 6
  Overlap     : 0
End Summary

  Total Violations : 6 Viols.
